ili9341_cube.c:9:6:MX_I2C2_Init2	4	static
ili9341_cube.c:38:10:BSP_I2C2_DeInit	16	static
ili9341_cube.c:58:10:BSP_I2C2_IsReady	24	static
ili9341_cube.c:70:10:BSP_I2C2_WriteReg16	48	static
ili9341_cube.c:89:10:BSP_I2C2_ReadReg16	48	static
ili9341_cube.c:107:10:BSP_GetTick	8	static
ili9341_cube.c:130:10:BSP_NFCTAG_Init	48	static
ili9341_cube.c:171:7:BSP_NFCTAG_DeInit	16	static
ili9341_cube.c:186:10:BSP_NFCTAG_isInitialized	24	static
ili9341_cube.c:199:10:BSP_NFCTAG_ReadID	16	static
ili9341_cube.c:215:10:BSP_NFCTAG_IsDeviceReady	16	static
ili9341_cube.c:238:10:BSP_NFCTAG_ConfigIT	16	static
ili9341_cube.c:260:10:BSP_NFCTAG_GetITStatus	16	static
ili9341_cube.c:278:10:BSP_NFCTAG_ReadData	32	static
ili9341_cube.c:296:10:BSP_NFCTAG_WriteData	32	static
ili9341_cube.c:315:10:BSP_NFCTAG_ReadRegister	24	static
ili9341_cube.c:329:10:BSP_NFCTAG_WriteRegister	32	static
ili9341_cube.c:349:11:BSP_NFCTAG_GetByteSize	24	static
ili9341_cube.c:363:10:BSP_NFCTAG_ReadICRev	16	static
ili9341_cube.c:376:10:BSP_NFCTAG_ReadITPulse	16	static
ili9341_cube.c:388:10:BSP_NFCTAG_WriteITPulse	16	static
ili9341_cube.c:399:10:BSP_NFCTAG_ReadUID	16	static
ili9341_cube.c:410:10:BSP_NFCTAG_ReadDSFID	16	static
ili9341_cube.c:421:10:BSP_NFCTAG_ReadDsfidRFProtection	16	static
ili9341_cube.c:432:10:BSP_NFCTAG_ReadAFI	16	static
ili9341_cube.c:443:10:BSP_NFCTAG_ReadAfiRFProtection	16	static
ili9341_cube.c:454:10:BSP_NFCTAG_ReadI2CProtectZone	16	static
ili9341_cube.c:467:10:BSP_NFCTAG_WriteI2CProtectZonex	16	static
ili9341_cube.c:479:10:BSP_NFCTAG_ReadLockCCFile	16	static
ili9341_cube.c:492:10:BSP_NFCTAG_WriteLockCCFile	16	static
ili9341_cube.c:504:10:BSP_NFCTAG_ReadLockCFG	16	static
ili9341_cube.c:516:10:BSP_NFCTAG_WriteLockCFG	16	static
ili9341_cube.c:527:10:BSP_NFCTAG_PresentI2CPassword	24	static
ili9341_cube.c:539:10:BSP_NFCTAG_WriteI2CPassword	24	static
ili9341_cube.c:551:10:BSP_NFCTAG_ReadRFZxSS	24	static
ili9341_cube.c:565:10:BSP_NFCTAG_WriteRFZxSS	24	static
ili9341_cube.c:578:10:BSP_NFCTAG_ReadEndZonex	24	static
ili9341_cube.c:594:10:BSP_NFCTAG_WriteEndZonex	16	static
ili9341_cube.c:608:10:BSP_NFCTAG_InitEndZone	16	static
ili9341_cube.c:623:10:BSP_NFCTAG_CreateUserZone	32	static
ili9341_cube.c:635:10:BSP_NFCTAG_ReadMemSize	16	static
ili9341_cube.c:646:10:BSP_NFCTAG_ReadEHMode	16	static
ili9341_cube.c:658:10:BSP_NFCTAG_WriteEHMode	16	static
ili9341_cube.c:669:10:BSP_NFCTAG_ReadRFMngt	16	static
ili9341_cube.c:681:10:BSP_NFCTAG_WriteRFMngt	16	static
ili9341_cube.c:692:10:BSP_NFCTAG_GetRFDisable	16	static
ili9341_cube.c:703:10:BSP_NFCTAG_SetRFDisable	16	static
ili9341_cube.c:714:10:BSP_NFCTAG_ResetRFDisable	16	static
ili9341_cube.c:725:10:BSP_NFCTAG_GetRFSleep	16	static
ili9341_cube.c:736:10:BSP_NFCTAG_SetRFSleep	16	static
ili9341_cube.c:747:10:BSP_NFCTAG_ResetRFSleep	16	static
ili9341_cube.c:758:10:BSP_NFCTAG_ReadMBMode	16	static
ili9341_cube.c:770:10:BSP_NFCTAG_WriteMBMode	16	static
ili9341_cube.c:781:10:BSP_NFCTAG_ReadMBWDG	16	static
ili9341_cube.c:793:10:BSP_NFCTAG_WriteMBWDG	16	static
ili9341_cube.c:806:10:BSP_NFCTAG_ReadMailboxData	24	static
ili9341_cube.c:819:10:BSP_NFCTAG_WriteMailboxData	24	static
ili9341_cube.c:832:10:BSP_NFCTAG_ReadMailboxRegister	24	static
ili9341_cube.c:846:10:BSP_NFCTAG_WriteMailboxRegister	24	static
ili9341_cube.c:858:10:BSP_NFCTAG_ReadI2CSecuritySession_Dyn	16	static
ili9341_cube.c:878:10:BSP_NFCTAG_ReadITSTStatus_Dyn	16	static
ili9341_cube.c:889:10:BSP_NFCTAG_ReadGPO_Dyn	16	static
ili9341_cube.c:900:10:BSP_NFCTAG_GetGPO_en_Dyn	16	static
ili9341_cube.c:911:10:BSP_NFCTAG_SetGPO_en_Dyn	16	static
ili9341_cube.c:922:10:BSP_NFCTAG_ResetGPO_en_Dyn	16	static
ili9341_cube.c:933:10:BSP_NFCTAG_ReadEHCtrl_Dyn	16	static
ili9341_cube.c:944:10:BSP_NFCTAG_GetEHENMode_Dyn	16	static
ili9341_cube.c:954:10:BSP_NFCTAG_SetEHENMode_Dyn	16	static
ili9341_cube.c:964:10:BSP_NFCTAG_ResetEHENMode_Dyn	16	static
ili9341_cube.c:975:10:BSP_NFCTAG_GetEHON_Dyn	16	static
ili9341_cube.c:986:10:BSP_NFCTAG_GetRFField_Dyn	16	static
ili9341_cube.c:997:10:BSP_NFCTAG_GetVCC_Dyn	16	static
ili9341_cube.c:1008:10:BSP_NFCTAG_ReadRFMngt_Dyn	16	static
ili9341_cube.c:1019:10:BSP_NFCTAG_WriteRFMngt_Dyn	16	static
ili9341_cube.c:1030:10:BSP_NFCTAG_GetRFDisable_Dyn	16	static
ili9341_cube.c:1040:10:BSP_NFCTAG_SetRFDisable_Dyn	16	static
ili9341_cube.c:1050:10:BSP_NFCTAG_ResetRFDisable_Dyn	16	static
ili9341_cube.c:1061:10:BSP_NFCTAG_GetRFSleep_Dyn	16	static
ili9341_cube.c:1071:10:BSP_NFCTAG_SetRFSleep_Dyn	16	static
ili9341_cube.c:1081:10:BSP_NFCTAG_ResetRFSleep_Dyn	16	static
ili9341_cube.c:1093:10:BSP_NFCTAG_ReadMBCtrl_Dyn	16	static
ili9341_cube.c:1103:10:BSP_NFCTAG_GetMBEN_Dyn	16	static
ili9341_cube.c:1113:10:BSP_NFCTAG_SetMBEN_Dyn	16	static
ili9341_cube.c:1123:10:BSP_NFCTAG_ResetMBEN_Dyn	16	static
ili9341_cube.c:1134:10:BSP_NFCTAG_ReadMBLength_Dyn	16	static
