st25ftm_protocol.c:60:6:ST25FTM_Init	8	static
st25ftm_protocol.c:72:6:ST25FTM_SetTxFrameMaxLength	16	static
st25ftm_protocol.c:80:10:ST25FTM_GetTxFrameMaxLength	4	static
st25ftm_protocol.c:88:6:ST25FTM_SetRxFrameMaxLength	16	static
st25ftm_protocol.c:96:10:ST25FTM_GetRxFrameMaxLength	4	static
st25ftm_protocol.c:108:6:ST25FTM_SendCommand	24	static
st25ftm_protocol.c:126:6:ST25FTM_ReceiveCommand	24	static
st25ftm_protocol.c:137:6:ST25FTM_Runner	8	static
st25ftm_protocol.c:215:17:ST25FTM_Status	16	static
st25ftm_protocol.c:239:9:ST25FTM_IsNewFrame	16	static
st25ftm_protocol.c:256:10:ST25FTM_GetTransferProgress	16	static
st25ftm_protocol.c:275:10:ST25FTM_GetAvailableDataLength	4	static
st25ftm_protocol.c:287:9:ST25FTM_ReadBuffer	24	static
st25ftm_protocol.c:310:10:ST25FTM_GetReadBufferOffset	4	static
st25ftm_protocol.c:319:23:ST25FTM_GetFieldState	4	static
st25ftm_protocol.c:328:10:ST25FTM_GetTotalLength	4	static
st25ftm_protocol.c:336:10:ST25FTM_GetRetryLength	4	static
st25ftm_protocol.c:345:9:ST25FTM_IsReceptionComplete	16	static
st25ftm_protocol.c:361:9:ST25FTM_IsTransmissionComplete	16	static
st25ftm_protocol.c:377:9:ST25FTM_IsIdle	16	static
st25ftm_protocol.c:393:9:ST25FTM_CheckError	16	static
st25ftm_protocol.c:407:6:ST25FTM_Reset	4	static
st25ftm_protocol.c:418:6:ST25FTM_SetTxSegmentMaxLength	16	static
st25ftm_protocol.c:427:6:ST25FTM_ResetTxSegmentMaxLength	4	static
st25ftm_protocol.c:433:10:ST25FTM_GetTxSegmentMaxLength	4	static
