Archive member included to satisfy reference by file (symbol)

/home/george/st/stm32cubeide_1.8.0/plugins/com.st.stm32cube.ide.mcu.externaltools.gnu-tools-for-stm32.9-2020-q2-update.linux64_2.0.0.202105311346/tools/bin/../lib/gcc/arm-none-eabi/9.3.1/../../../../arm-none-eabi/lib/thumb/v7e-m+fp/hard/libc_nano.a(lib_a-calloc.o)
                              ./seal/ckks_asym.o (calloc)
/home/george/st/stm32cubeide_1.8.0/plugins/com.st.stm32cube.ide.mcu.externaltools.gnu-tools-for-stm32.9-2020-q2-update.linux64_2.0.0.202105311346/tools/bin/../lib/gcc/arm-none-eabi/9.3.1/../../../../arm-none-eabi/lib/thumb/v7e-m+fp/hard/libc_nano.a(lib_a-errno.o)
                              ./Core/Src/syscalls.o (__errno)
/home/george/st/stm32cubeide_1.8.0/plugins/com.st.stm32cube.ide.mcu.externaltools.gnu-tools-for-stm32.9-2020-q2-update.linux64_2.0.0.202105311346/tools/bin/../lib/gcc/arm-none-eabi/9.3.1/../../../../arm-none-eabi/lib/thumb/v7e-m+fp/hard/libc_nano.a(lib_a-exit.o)
                              /home/george/st/stm32cubeide_1.8.0/plugins/com.st.stm32cube.ide.mcu.externaltools.gnu-tools-for-stm32.9-2020-q2-update.linux64_2.0.0.202105311346/tools/bin/../lib/gcc/arm-none-eabi/9.3.1/../../../../arm-none-eabi/lib/thumb/v7e-m+fp/hard/crt0.o (exit)
/home/george/st/stm32cubeide_1.8.0/plugins/com.st.stm32cube.ide.mcu.externaltools.gnu-tools-for-stm32.9-2020-q2-update.linux64_2.0.0.202105311346/tools/bin/../lib/gcc/arm-none-eabi/9.3.1/../../../../arm-none-eabi/lib/thumb/v7e-m+fp/hard/libc_nano.a(lib_a-impure.o)
                              /home/george/st/stm32cubeide_1.8.0/plugins/com.st.stm32cube.ide.mcu.externaltools.gnu-tools-for-stm32.9-2020-q2-update.linux64_2.0.0.202105311346/tools/bin/../lib/gcc/arm-none-eabi/9.3.1/../../../../arm-none-eabi/lib/thumb/v7e-m+fp/hard/libc_nano.a(lib_a-exit.o) (_global_impure_ptr)
/home/george/st/stm32cubeide_1.8.0/plugins/com.st.stm32cube.ide.mcu.externaltools.gnu-tools-for-stm32.9-2020-q2-update.linux64_2.0.0.202105311346/tools/bin/../lib/gcc/arm-none-eabi/9.3.1/../../../../arm-none-eabi/lib/thumb/v7e-m+fp/hard/libc_nano.a(lib_a-init.o)
                              /home/george/st/stm32cubeide_1.8.0/plugins/com.st.stm32cube.ide.mcu.externaltools.gnu-tools-for-stm32.9-2020-q2-update.linux64_2.0.0.202105311346/tools/bin/../lib/gcc/arm-none-eabi/9.3.1/../../../../arm-none-eabi/lib/thumb/v7e-m+fp/hard/crt0.o (__libc_init_array)
/home/george/st/stm32cubeide_1.8.0/plugins/com.st.stm32cube.ide.mcu.externaltools.gnu-tools-for-stm32.9-2020-q2-update.linux64_2.0.0.202105311346/tools/bin/../lib/gcc/arm-none-eabi/9.3.1/../../../../arm-none-eabi/lib/thumb/v7e-m+fp/hard/libc_nano.a(lib_a-malloc.o)
                              ./seal/parameters.o (free)
/home/george/st/stm32cubeide_1.8.0/plugins/com.st.stm32cube.ide.mcu.externaltools.gnu-tools-for-stm32.9-2020-q2-update.linux64_2.0.0.202105311346/tools/bin/../lib/gcc/arm-none-eabi/9.3.1/../../../../arm-none-eabi/lib/thumb/v7e-m+fp/hard/libc_nano.a(lib_a-memcpy-stub.o)
                              ./Core/Src/main.o (memcpy)
/home/george/st/stm32cubeide_1.8.0/plugins/com.st.stm32cube.ide.mcu.externaltools.gnu-tools-for-stm32.9-2020-q2-update.linux64_2.0.0.202105311346/tools/bin/../lib/gcc/arm-none-eabi/9.3.1/../../../../arm-none-eabi/lib/thumb/v7e-m+fp/hard/libc_nano.a(lib_a-memmove.o)
                              ./nfc_tag/st25ftm_protocol.o (memmove)
/home/george/st/stm32cubeide_1.8.0/plugins/com.st.stm32cube.ide.mcu.externaltools.gnu-tools-for-stm32.9-2020-q2-update.linux64_2.0.0.202105311346/tools/bin/../lib/gcc/arm-none-eabi/9.3.1/../../../../arm-none-eabi/lib/thumb/v7e-m+fp/hard/libc_nano.a(lib_a-memset.o)
                              /home/george/st/stm32cubeide_1.8.0/plugins/com.st.stm32cube.ide.mcu.externaltools.gnu-tools-for-stm32.9-2020-q2-update.linux64_2.0.0.202105311346/tools/bin/../lib/gcc/arm-none-eabi/9.3.1/../../../../arm-none-eabi/lib/thumb/v7e-m+fp/hard/crt0.o (memset)
/home/george/st/stm32cubeide_1.8.0/plugins/com.st.stm32cube.ide.mcu.externaltools.gnu-tools-for-stm32.9-2020-q2-update.linux64_2.0.0.202105311346/tools/bin/../lib/gcc/arm-none-eabi/9.3.1/../../../../arm-none-eabi/lib/thumb/v7e-m+fp/hard/libc_nano.a(lib_a-nano-callocr.o)
                              /home/george/st/stm32cubeide_1.8.0/plugins/com.st.stm32cube.ide.mcu.externaltools.gnu-tools-for-stm32.9-2020-q2-update.linux64_2.0.0.202105311346/tools/bin/../lib/gcc/arm-none-eabi/9.3.1/../../../../arm-none-eabi/lib/thumb/v7e-m+fp/hard/libc_nano.a(lib_a-calloc.o) (_calloc_r)
/home/george/st/stm32cubeide_1.8.0/plugins/com.st.stm32cube.ide.mcu.externaltools.gnu-tools-for-stm32.9-2020-q2-update.linux64_2.0.0.202105311346/tools/bin/../lib/gcc/arm-none-eabi/9.3.1/../../../../arm-none-eabi/lib/thumb/v7e-m+fp/hard/libc_nano.a(lib_a-nano-freer.o)
[...]
Memory Configuration

Name             Origin             Length             Attributes
RAM              0x0000000020000000 0x0000000000050000 xrw
FLASH            0x0000000008000000 0x0000000000100000 xr
*default*        0x0000000000000000 0xffffffffffffffff

Linker script and memory map

LOAD /home/george/st/stm32cubeide_1.8.0/plugins/com.st.stm32cube.ide.mcu.externaltools.gnu-tools-for-stm32.9-2020-q2-update.linux64_2.0.0.202105311346/tools/bin/../lib/gcc/arm-none-eabi/9.3.1/thumb/v7e-m+fp/hard/crti.o
LOAD /home/george/st/stm32cubeide_1.8.0/plugins/com.st.stm32cube.ide.mcu.externaltools.gnu-tools-for-stm32.9-2020-q2-update.linux64_2.0.0.202105311346/tools/bin/../lib/gcc/arm-none-eabi/9.3.1/thumb/v7e-m+fp/hard/crtbegin.o
LOAD /home/george/st/stm32cubeide_1.8.0/plugins/com.st.stm32cube.ide.mcu.externaltools.gnu-tools-for-stm32.9-2020-q2-update.linux64_2.0.0.202105311346/tools/bin/../lib/gcc/arm-none-eabi/9.3.1/../../../../arm-none-eabi/lib/thumb/v7e-m+fp/hard/crt0.o
LOAD ./Core/Src/main.o
LOAD ./Core/Src/stm32f7xx_hal_msp.o
LOAD ./Core/Src/stm32f7xx_it.o
LOAD ./Core/Src/syscalls.o
LOAD ./Core/Src/sysmem.o
LOAD ./Core/Src/system_stm32f7xx.o
LOAD ./Core/Startup/startup_stm32f746nghx.o
LOAD ./Drivers/STM32F7xx_HAL_Driver/Src/stm32f7xx_hal.o
LOAD ./Drivers/STM32F7xx_HAL_Driver/Src/stm32f7xx_hal_cortex.o
LOAD ./Drivers/STM32F7xx_HAL_Driver/Src/stm32f7xx_hal_crc.o
LOAD ./Drivers/STM32F7xx_HAL_Driver/Src/stm32f7xx_hal_crc_ex.o
LOAD ./Drivers/STM32F7xx_HAL_Driver/Src/stm32f7xx_hal_dma.o
LOAD ./Drivers/STM32F7xx_HAL_Driver/Src/stm32f7xx_hal_dma_ex.o
LOAD ./Drivers/STM32F7xx_HAL_Driver/Src/stm32f7xx_hal_exti.o
LOAD ./Drivers/STM32F7xx_HAL_Driver/Src/stm32f7xx_hal_flash.o
LOAD ./Drivers/STM32F7xx_HAL_Driver/Src/stm32f7xx_hal_flash_ex.o
LOAD ./Drivers/STM32F7xx_HAL_Driver/Src/stm32f7xx_hal_gpio.o
LOAD ./Drivers/STM32F7xx_HAL_Driver/Src/stm32f7xx_hal_i2c.o
LOAD ./Drivers/STM32F7xx_HAL_Driver/Src/stm32f7xx_hal_i2c_ex.o
LOAD ./Drivers/STM32F7xx_HAL_Driver/Src/stm32f7xx_hal_pwr.o
LOAD ./Drivers/STM32F7xx_HAL_Driver/Src/stm32f7xx_hal_pwr_ex.o
LOAD ./Drivers/STM32F7xx_HAL_Driver/Src/stm32f7xx_hal_rcc.o
LOAD ./Drivers/STM32F7xx_HAL_Driver/Src/stm32f7xx_hal_rcc_ex.o
LOAD ./Drivers/STM32F7xx_HAL_Driver/Src/stm32f7xx_hal_tim.o
LOAD ./Drivers/STM32F7xx_HAL_Driver/Src/stm32f7xx_hal_tim_ex.o
LOAD ./Drivers/STM32F7xx_HAL_Driver/Src/stm32f7xx_hal_uart.o
LOAD ./Drivers/STM32F7xx_HAL_Driver/Src/stm32f7xx_hal_uart_ex.o
LOAD ./nfc_tag/ili9341_cube.o
LOAD ./nfc_tag/st25dv.o
LOAD ./nfc_tag/st25dv_reg.o
LOAD ./nfc_tag/st25ftm_common.o
LOAD ./nfc_tag/st25ftm_config.o
LOAD ./nfc_tag/st25ftm_protocol.o
LOAD ./nfc_tag/st25ftm_rx.o
LOAD ./nfc_tag/st25ftm_tx.o
LOAD ./seal/ckks_asym.o
LOAD ./seal/ckks_common.o
LOAD ./seal/ckks_sym.o
LOAD ./seal/fft.o
LOAD ./seal/fileops.o
LOAD ./seal/fips202.o
LOAD ./seal/intt.o
LOAD ./seal/keccakf1600.o
LOAD ./seal/modulus.o
LOAD ./seal/network.o
LOAD ./seal/ntt.o
LOAD ./seal/parameters.o
LOAD ./seal/polymodmult.o
LOAD ./seal/rng.o
LOAD ./seal/sample.o
LOAD ./seal/seal_embedded.o
LOAD ./seal/timer.o
LOAD ./seal/uint_arith.o
START GROUP
LOAD /home/george/st/stm32cubeide_1.8.0/plugins/com.st.stm32cube.ide.mcu.externaltools.gnu-tools-for-stm32.9-2020-q2-update.linux64_2.0.0.202105311346/tools/bin/../lib/gcc/arm-none-eabi/9.3.1/../../../../arm-none-eabi/lib/thumb/v7e-m+fp/hard/libc_nano.a
LOAD /home/george/st/stm32cubeide_1.8.0/plugins/com.st.stm32cube.ide.mcu.externaltools.gnu-tools-for-stm32.9-2020-q2-update.linux64_2.0.0.202105311346/tools/bin/../lib/gcc/arm-none-eabi/9.3.1/../../../../arm-none-eabi/lib/thumb/v7e-m+fp/hard/libm.a
END GROUP
START GROUP
LOAD /home/george/st/stm32cubeide_1.8.0/plugins/com.st.stm32cube.ide.mcu.externaltools.gnu-tools-for-stm32.9-2020-q2-update.linux64_2.0.0.202105311346/tools/bin/../lib/gcc/arm-none-eabi/9.3.1/thumb/v7e-m+fp/hard/libgcc.a
LOAD /home/george/st/stm32cubeide_1.8.0/plugins/com.st.stm32cube.ide.mcu.externaltools.gnu-tools-for-stm32.9-2020-q2-update.linux64_2.0.0.202105311346/tools/bin/../lib/gcc/arm-none-eabi/9.3.1/../../../../arm-none-eabi/lib/thumb/v7e-m+fp/hard/libc_nano.a
END GROUP
START GROUP
LOAD /home/george/st/stm32cubeide_1.8.0/plugins/com.st.stm32cube.ide.mcu.externaltools.gnu-tools-for-stm32.9-2020-q2-update.linux64_2.0.0.202105311346/tools/bin/../lib/gcc/arm-none-eabi/9.3.1/thumb/v7e-m+fp/hard/libgcc.a
LOAD /home/george/st/stm32cubeide_1.8.0/plugins/com.st.stm32cube.ide.mcu.externaltools.gnu-tools-for-stm32.9-2020-q2-update.linux64_2.0.0.202105311346/tools/bin/../lib/gcc/arm-none-eabi/9.3.1/../../../../arm-none-eabi/lib/thumb/v7e-m+fp/hard/libc_nano.a
LOAD /home/george/st/stm32cubeide_1.8.0/plugins/com.st.stm32cube.ide.mcu.externaltools.gnu-tools-for-stm32.9-2020-q2-update.linux64_2.0.0.202105311346/tools/bin/../lib/gcc/arm-none-eabi/9.3.1/../../../../arm-none-eabi/lib/thumb/v7e-m+fp/hard/libnosys.a
END GROUP
START GROUP
LOAD /home/george/st/stm32cubeide_1.8.0/plugins/com.st.stm32cube.ide.mcu.externaltools.gnu-tools-for-stm32.9-2020-q2-update.linux64_2.0.0.202105311346/tools/bin/../lib/gcc/arm-none-eabi/9.3.1/thumb/v7e-m+fp/hard/libgcc.a
LOAD /home/george/st/stm32cubeide_1.8.0/plugins/com.st.stm32cube.ide.mcu.externaltools.gnu-tools-for-stm32.9-2020-q2-update.linux64_2.0.0.202105311346/tools/bin/../lib/gcc/arm-none-eabi/9.3.1/../../../../arm-none-eabi/lib/thumb/v7e-m+fp/hard/libc_nano.a
LOAD /home/george/st/stm32cubeide_1.8.0/plugins/com.st.stm32cube.ide.mcu.externaltools.gnu-tools-for-stm32.9-2020-q2-update.linux64_2.0.0.202105311346/tools/bin/../lib/gcc/arm-none-eabi/9.3.1/../../../../arm-none-eabi/lib/thumb/v7e-m+fp/hard/libnosys.a
END GROUP
LOAD /home/george/st/stm32cubeide_1.8.0/plugins/com.st.stm32cube.ide.mcu.externaltools.gnu-tools-for-stm32.9-2020-q2-update.linux64_2.0.0.202105311346/tools/bin/../lib/gcc/arm-none-eabi/9.3.1/thumb/v7e-m+fp/hard/crtend.o
LOAD /home/george/st/stm32cubeide_1.8.0/plugins/com.st.stm32cube.ide.mcu.externaltools.gnu-tools-for-stm32.9-2020-q2-update.linux64_2.0.0.202105311346/tools/bin/../lib/gcc/arm-none-eabi/9.3.1/thumb/v7e-m+fp/hard/crtn.o
                0x0000000020050000                _estack = (ORIGIN (RAM) + LENGTH (RAM))
                0x000000000004b000                _Min_Heap_Size = 0x4b000
                0x0000000000000400                _Min_Stack_Size = 0x400

.isr_vector     0x0000000008000000      0x1c8
                0x0000000008000000                . = ALIGN (0x4)
 *(.isr_vector)
 .isr_vector    0x0000000008000000      0x1c8 ./Core/Startup/startup_stm32f746nghx.o
                0x0000000008000000                g_pfnVectors
                0x00000000080001c8                . = ALIGN (0x4)

.text           0x00000000080001d0     0xf888
                0x00000000080001d0                . = ALIGN (0x4)
 *(.text)
 .text          0x00000000080001d0       0x40 /home/george/st/stm32cubeide_1.8.0/plugins/com.st.stm32cube.ide.mcu.externaltools.gnu-tools-for-stm32.9-2020-q2-update.linux64_2.0.0.202105311346/tools/bin/../lib/gcc/arm-none-eabi/9.3.1/thumb/v7e-m+fp/hard/crtbegin.o
 .text          0x0000000008000210       0xa0 /home/george/st/stm32cubeide_1.8.0/plugins/com.st.stm32cube.ide.mcu.externaltools.gnu-tools-for-stm32.9-2020-q2-update.linux64_2.0.0.202105311346/tools/bin/../lib/gcc/arm-none-eabi/9.3.1/../../../../arm-none-eabi/lib/thumb/v7e-m+fp/hard/libc_nano.a(lib_a-memchr.o)
                0x0000000008000210                memchr
 .text          0x00000000080002b0      0x378 /home/george/st/stm32cubeide_1.8.0/plugins/com.st.stm32cube.ide.mcu.externaltools.gnu-tools-for-stm32.9-2020-q2-update.linux64_2.0.0.202105311346/tools/bin/../lib/gcc/arm-none-eabi/9.3.1/thumb/v7e-m+fp/hard/libgcc.a(_arm_addsubdf3.o)
                0x00000000080002b0                __aeabi_drsub
                0x00000000080002b8                __aeabi_dsub
                0x00000000080002b8                __subdf3
                0x00000000080002bc                __adddf3
                0x00000000080002bc                __aeabi_dadd
                0x0000000008000534                __aeabi_ui2d
                0x0000000008000534                __floatunsidf
                0x0000000008000554                __floatsidf
                0x0000000008000554                __aeabi_i2d
                0x0000000008000578                __extendsfdf2
                0x0000000008000578                __aeabi_f2d
                0x00000000080005bc                __aeabi_ul2d
                0x00000000080005bc                __floatundidf
                0x00000000080005cc                __floatdidf
                0x00000000080005cc                __aeabi_l2d
 .text          0x0000000008000628      0x424 /home/george/st/stm32cubeide_1.8.0/plugins/com.st.stm32cube.ide.mcu.externaltools.gnu-tools-for-stm32.9-2020-q2-update.linux64_2.0.0.202105311346/tools/bin/../lib/gcc/arm-none-eabi/9.3.1/thumb/v7e-m+fp/hard/libgcc.a(_arm_muldivdf3.o)
                0x0000000008000628                __aeabi_dmul
                0x0000000008000628                __muldf3
                0x000000000800087c                __aeabi_ddiv
                0x000000000800087c                __divdf3
 .text          0x0000000008000a4c      0x110 /home/george/st/stm32cubeide_1.8.0/plugins/com.st.stm32cube.ide.mcu.externaltools.gnu-tools-for-stm32.9-2020-q2-update.linux64_2.0.0.202105311346/tools/bin/../lib/gcc/arm-none-eabi/9.3.1/thumb/v7e-m+fp/hard/libgcc.a(_arm_cmpdf2.o)
                0x0000000008000a4c                __gtdf2
                0x0000000008000a4c                __gedf2
                0x0000000008000a54                __ltdf2
                0x0000000008000a54                __ledf2
                0x0000000008000a5c                __cmpdf2
                0x0000000008000a5c                __eqdf2
                0x0000000008000a5c                __nedf2
                0x0000000008000ad8                __aeabi_cdrcmple
                0x0000000008000ae8                __aeabi_cdcmple
                0x0000000008000ae8                __aeabi_cdcmpeq
                0x0000000008000af8                __aeabi_dcmpeq
                0x0000000008000b0c                __aeabi_dcmplt
                0x0000000008000b20                __aeabi_dcmple
                0x0000000008000b34                __aeabi_dcmpge
                0x0000000008000b48                __aeabi_dcmpgt
 .text          0x0000000008000b5c       0x2c /home/george/st/stm32cubeide_1.8.0/plugins/com.st.stm32cube.ide.mcu.externaltools.gnu-tools-for-stm32.9-2020-q2-update.linux64_2.0.0.202105311346/tools/bin/../lib/gcc/arm-none-eabi/9.3.1/thumb/v7e-m+fp/hard/libgcc.a(_arm_unorddf2.o)
                0x0000000008000b5c                __aeabi_dcmpun
                0x0000000008000b5c                __unorddf2
 .text          0x0000000008000b88       0x40 /home/george/st/stm32cubeide_1.8.0/plugins/com.st.stm32cube.ide.mcu.externaltools.gnu-tools-for-stm32.9-2020-q2-update.linux64_2.0.0.202105311346/tools/bin/../lib/gcc/arm-none-eabi/9.3.1/thumb/v7e-m+fp/hard/libgcc.a(_arm_fixunsdfsi.o)
                0x0000000008000b88                __fixunsdfsi
                0x0000000008000b88                __aeabi_d2uiz
 .text          0x0000000008000bc8       0x30 /home/george/st/stm32cubeide_1.8.0/plugins/com.st.stm32cube.ide.mcu.externaltools.gnu-tools-for-stm32.9-2020-q2-update.linux64_2.0.0.202105311346/tools/bin/../lib/gcc/arm-none-eabi/9.3.1/thumb/v7e-m+fp/hard/libgcc.a(_aeabi_uldivmod.o)
                0x0000000008000bc8                __aeabi_uldivmod
 .text          0x0000000008000bf8      0x598 /home/george/st/stm32cubeide_1.8.0/plugins/com.st.stm32cube.ide.mcu.externaltools.gnu-tools-for-stm32.9-2020-q2-update.linux64_2.0.0.202105311346/tools/bin/../lib/gcc/arm-none-eabi/9.3.1/thumb/v7e-m+fp/hard/libgcc.a(_muldc3.o)
                0x0000000008000bf8                __muldc3
 .text          0x0000000008001190       0x30 /home/george/st/stm32cubeide_1.8.0/plugins/com.st.stm32cube.ide.mcu.externaltools.gnu-tools-for-stm32.9-2020-q2-update.linux64_2.0.0.202105311346/tools/bin/../lib/gcc/arm-none-eabi/9.3.1/thumb/v7e-m+fp/hard/libgcc.a(_fixdfdi.o)
                0x0000000008001190                __aeabi_d2lz
                0x0000000008001190                __fixdfdi
 .text          0x00000000080011c0       0x3c /home/george/st/stm32cubeide_1.8.0/plugins/com.st.stm32cube.ide.mcu.externaltools.gnu-tools-for-stm32.9-2020-q2-update.linux64_2.0.0.202105311346/tools/bin/../lib/gcc/arm-none-eabi/9.3.1/thumb/v7e-m+fp/hard/libgcc.a(_fixunsdfdi.o)
                0x00000000080011c0                __aeabi_d2ulz
                0x00000000080011c0                __fixunsdfdi
 .text          0x00000000080011fc      0x2c4 /home/george/st/stm32cubeide_1.8.0/plugins/com.st.stm32cube.ide.mcu.externaltools.gnu-tools-for-stm32.9-2020-q2-update.linux64_2.0.0.202105311346/tools/bin/../lib/gcc/arm-none-eabi/9.3.1/thumb/v7e-m+fp/hard/libgcc.a(_udivmoddi4.o)
                0x00000000080011fc                __udivmoddi4
 .text          0x00000000080014c0        0x4 /home/george/st/stm32cubeide_1.8.0/plugins/com.st.stm32cube.ide.mcu.externaltools.gnu-tools-for-stm32.9-2020-q2-update.linux64_2.0.0.202105311346/tools/bin/../lib/gcc/arm-none-eabi/9.3.1/thumb/v7e-m+fp/hard/libgcc.a(_dvmd_tls.o)
                0x00000000080014c0                __aeabi_ldiv0
                0x00000000080014c0                __aeabi_idiv0
 *(.text*)
 .text._write   0x00000000080014c4       0x2c ./Core/Src/main.o
                0x00000000080014c4                _write
 .text.main     0x00000000080014f0      0x31c ./Core/Src/main.o
                0x00000000080014f0                main
 .text.FTM_ReadData_Callback
                0x000000000800180c       0x70 ./Core/Src/main.o
 .text.FTM_ReadData_Callback2
                0x000000000800187c       0x70 ./Core/Src/main.o
 .text.SystemClock_Config
                0x00000000080018ec       0xcc ./Core/Src/main.o
                0x00000000080018ec                SystemClock_Config
 .text.MX_CRC_Init
                0x00000000080019b8       0x44 ./Core/Src/main.o
 .text.MX_I2C1_Init
                0x00000000080019fc       0x80 ./Core/Src/main.o
 .text.MX_USART1_UART_Init
                0x0000000008001a7c       0x60 ./Core/Src/main.o
 .text.MX_GPIO_Init
                0x0000000008001adc       0x98 ./Core/Src/main.o
 .text.Error_Handler
                0x0000000008001b74        0xa ./Core/Src/main.o
                0x0000000008001b74                Error_Handler
 *fill*         0x0000000008001b7e        0x2 
 .text.HAL_MspInit
                0x0000000008001b80       0x48 ./Core/Src/stm32f7xx_hal_msp.o
                0x0000000008001b80                HAL_MspInit
 .text.HAL_CRC_MspInit
                0x0000000008001bc8       0x40 ./Core/Src/stm32f7xx_hal_msp.o
                0x0000000008001bc8                HAL_CRC_MspInit
 .text.HAL_I2C_MspInit
                0x0000000008001c08       0xc0 ./Core/Src/stm32f7xx_hal_msp.o
                0x0000000008001c08                HAL_I2C_MspInit
 .text.HAL_UART_MspInit
                0x0000000008001cc8      0x104 ./Core/Src/stm32f7xx_hal_msp.o
                0x0000000008001cc8                HAL_UART_MspInit
 .text.NMI_Handler
                0x0000000008001dcc        0x6 ./Core/Src/stm32f7xx_it.o
                0x0000000008001dcc                NMI_Handler
 *fill*         0x0000000008001dd2        0x2 
 .text.HardFault_Handler
                0x0000000008001dd4       0x10 ./Core/Src/stm32f7xx_it.o
                0x0000000008001dd4                HardFault_Handler
 .text.MemManage_Handler
                0x0000000008001de4        0x6 ./Core/Src/stm32f7xx_it.o
                0x0000000008001de4                MemManage_Handler
 .text.BusFault_Handler
                0x0000000008001dea        0x6 ./Core/Src/stm32f7xx_it.o
                0x0000000008001dea                BusFault_Handler
 .text.UsageFault_Handler
                0x0000000008001df0        0x6 ./Core/Src/stm32f7xx_it.o
                0x0000000008001df0                UsageFault_Handler
 .text.SVC_Handler
                0x0000000008001df6        0xe ./Core/Src/stm32f7xx_it.o
                0x0000000008001df6                SVC_Handler
 .text.DebugMon_Handler
                0x0000000008001e04        0xe ./Core/Src/stm32f7xx_it.o
                0x0000000008001e04                DebugMon_Handler
 .text.PendSV_Handler
                0x0000000008001e12        0xe ./Core/Src/stm32f7xx_it.o
                0x0000000008001e12                PendSV_Handler
 .text.SysTick_Handler
                0x0000000008001e20        0xc ./Core/Src/stm32f7xx_it.o
                0x0000000008001e20                SysTick_Handler
 .text.EXTI9_5_IRQHandler
                0x0000000008001e2c       0x18 ./Core/Src/stm32f7xx_it.o
                0x0000000008001e2c                EXTI9_5_IRQHandler
 .text._kill    0x0000000008001e44       0x20 ./Core/Src/syscalls.o
                0x0000000008001e44                _kill
 .text._exit    0x0000000008001e64       0x14 ./Core/Src/syscalls.o
                0x0000000008001e64                _exit
 .text._read    0x0000000008001e78       0x3a ./Core/Src/syscalls.o
                0x0000000008001e78                _read
 .text._close   0x0000000008001eb2       0x18 ./Core/Src/syscalls.o
                0x0000000008001eb2                _close
 .text._fstat   0x0000000008001eca       0x20 ./Core/Src/syscalls.o
                0x0000000008001eca                _fstat
 .text._isatty  0x0000000008001eea       0x16 ./Core/Src/syscalls.o
                0x0000000008001eea                _isatty
 .text._lseek   0x0000000008001f00       0x1a ./Core/Src/syscalls.o
                0x0000000008001f00                _lseek
 *fill*         0x0000000008001f1a        0x2 
 .text._sbrk    0x0000000008001f1c       0x6c ./Core/Src/sysmem.o
                0x0000000008001f1c                _sbrk
 .text.SystemInit
                0x0000000008001f88       0x24 ./Core/Src/system_stm32f7xx.o
                0x0000000008001f88                SystemInit
 .text.Reset_Handler
                0x0000000008001fac       0x50 ./Core/Startup/startup_stm32f746nghx.o
                0x0000000008001fac                Reset_Handler
 .text.Default_Handler
                0x0000000008001ffc        0x2 ./Core/Startup/startup_stm32f746nghx.o
                0x0000000008001ffc                RTC_Alarm_IRQHandler
                0x0000000008001ffc                EXTI2_IRQHandler
                0x0000000008001ffc                TIM8_CC_IRQHandler
                0x0000000008001ffc                UART8_IRQHandler
                0x0000000008001ffc                SPI4_IRQHandler
                0x0000000008001ffc                TIM1_CC_IRQHandler
                0x0000000008001ffc                DMA2_Stream5_IRQHandler
                0x0000000008001ffc                DMA1_Stream5_IRQHandler
                0x0000000008001ffc                PVD_IRQHandler
                0x0000000008001ffc                TAMP_STAMP_IRQHandler
                0x0000000008001ffc                CAN2_RX1_IRQHandler
                0x0000000008001ffc                EXTI3_IRQHandler
                0x0000000008001ffc                TIM8_TRG_COM_TIM14_IRQHandler
                0x0000000008001ffc                TIM1_UP_TIM10_IRQHandler
                0x0000000008001ffc                TIM8_UP_TIM13_IRQHandler
                0x0000000008001ffc                I2C3_ER_IRQHandler
                0x0000000008001ffc                EXTI0_IRQHandler
                0x0000000008001ffc                I2C2_EV_IRQHandler
                0x0000000008001ffc                DMA1_Stream2_IRQHandler
                0x0000000008001ffc                CAN1_RX0_IRQHandler
                0x0000000008001ffc                FPU_IRQHandler
                0x0000000008001ffc                OTG_HS_WKUP_IRQHandler
                0x0000000008001ffc                LTDC_ER_IRQHandler
                0x0000000008001ffc                CAN2_SCE_IRQHandler
                0x0000000008001ffc                DMA2_Stream2_IRQHandler
                0x0000000008001ffc                SPI1_IRQHandler
                0x0000000008001ffc                TIM6_DAC_IRQHandler
                0x0000000008001ffc                TIM1_BRK_TIM9_IRQHandler
                0x0000000008001ffc                DCMI_IRQHandler
                0x0000000008001ffc                CAN2_RX0_IRQHandler
                0x0000000008001ffc                DMA2_Stream3_IRQHandler
                0x0000000008001ffc                SAI2_IRQHandler
                0x0000000008001ffc                USART6_IRQHandler
                0x0000000008001ffc                USART3_IRQHandler
                0x0000000008001ffc                CAN1_RX1_IRQHandler
                0x0000000008001ffc                UART5_IRQHandler
                0x0000000008001ffc                DMA2_Stream0_IRQHandler
                0x0000000008001ffc                TIM4_IRQHandler
                0x0000000008001ffc                QUADSPI_IRQHandler
                0x0000000008001ffc                I2C1_EV_IRQHandler
                0x0000000008001ffc                DMA1_Stream6_IRQHandler
                0x0000000008001ffc                DMA1_Stream1_IRQHandler
                0x0000000008001ffc                UART4_IRQHandler
                0x0000000008001ffc                TIM3_IRQHandler
                0x0000000008001ffc                RCC_IRQHandler
                0x0000000008001ffc                TIM8_BRK_TIM12_IRQHandler
                0x0000000008001ffc                Default_Handler
                0x0000000008001ffc                CEC_IRQHandler
                0x0000000008001ffc                EXTI15_10_IRQHandler
                0x0000000008001ffc                ADC_IRQHandler
                0x0000000008001ffc                DMA1_Stream7_IRQHandler
                0x0000000008001ffc                SPI5_IRQHandler
                0x0000000008001ffc                TIM7_IRQHandler
                0x0000000008001ffc                SDMMC1_IRQHandler
                0x0000000008001ffc                CAN2_TX_IRQHandler
                0x0000000008001ffc                TIM5_IRQHandler
                0x0000000008001ffc                DMA2_Stream7_IRQHandler
                0x0000000008001ffc                I2C3_EV_IRQHandler
                0x0000000008001ffc                RTC_WKUP_IRQHandler
                0x0000000008001ffc                LTDC_IRQHandler
                0x0000000008001ffc                ETH_WKUP_IRQHandler
                0x0000000008001ffc                SPDIF_RX_IRQHandler
                0x0000000008001ffc                SPI2_IRQHandler
                0x0000000008001ffc                OTG_HS_EP1_IN_IRQHandler
                0x0000000008001ffc                DMA1_Stream0_IRQHandler
                0x0000000008001ffc                CAN1_TX_IRQHandler
                0x0000000008001ffc                EXTI4_IRQHandler
                0x0000000008001ffc                RNG_IRQHandler
                0x0000000008001ffc                ETH_IRQHandler
                0x0000000008001ffc                OTG_HS_EP1_OUT_IRQHandler
                0x0000000008001ffc                WWDG_IRQHandler
                0x0000000008001ffc                SPI6_IRQHandler
                0x0000000008001ffc                I2C4_EV_IRQHandler
                0x0000000008001ffc                TIM2_IRQHandler
                0x0000000008001ffc                OTG_FS_WKUP_IRQHandler
                0x0000000008001ffc                TIM1_TRG_COM_TIM11_IRQHandler
                0x0000000008001ffc                OTG_HS_IRQHandler
                0x0000000008001ffc                DMA2D_IRQHandler
                0x0000000008001ffc                EXTI1_IRQHandler
                0x0000000008001ffc                UART7_IRQHandler
                0x0000000008001ffc                USART2_IRQHandler
                0x0000000008001ffc                I2C2_ER_IRQHandler
                0x0000000008001ffc                DMA2_Stream1_IRQHandler
                0x0000000008001ffc                CAN1_SCE_IRQHandler
                0x0000000008001ffc                FLASH_IRQHandler
                0x0000000008001ffc                DMA2_Stream4_IRQHandler
                0x0000000008001ffc                USART1_IRQHandler
                0x0000000008001ffc                OTG_FS_IRQHandler
                0x0000000008001ffc                SPI3_IRQHandler
                0x0000000008001ffc                DMA1_Stream4_IRQHandler
                0x0000000008001ffc                I2C1_ER_IRQHandler
                0x0000000008001ffc                FMC_IRQHandler
                0x0000000008001ffc                LPTIM1_IRQHandler
                0x0000000008001ffc                I2C4_ER_IRQHandler
                0x0000000008001ffc                DMA2_Stream6_IRQHandler
                0x0000000008001ffc                SAI1_IRQHandler
                0x0000000008001ffc                DMA1_Stream3_IRQHandler
 .text.HAL_Init
                0x0000000008001ffe       0x1a ./Drivers/STM32F7xx_HAL_Driver/Src/stm32f7xx_hal.o
                0x0000000008001ffe                HAL_Init
 .text.HAL_InitTick
                0x0000000008002018       0x60 ./Drivers/STM32F7xx_HAL_Driver/Src/stm32f7xx_hal.o
                0x0000000008002018                HAL_InitTick
 .text.HAL_IncTick
                0x0000000008002078       0x28 ./Drivers/STM32F7xx_HAL_Driver/Src/stm32f7xx_hal.o
                0x0000000008002078                HAL_IncTick
 .text.HAL_GetTick
                0x00000000080020a0       0x18 ./Drivers/STM32F7xx_HAL_Driver/Src/stm32f7xx_hal.o
                0x00000000080020a0                HAL_GetTick
 .text.HAL_Delay
                0x00000000080020b8       0x48 ./Drivers/STM32F7xx_HAL_Driver/Src/stm32f7xx_hal.o
                0x00000000080020b8                HAL_Delay
 .text.__NVIC_SetPriorityGrouping
                0x0000000008002100       0x48 ./Drivers/STM32F7xx_HAL_Driver/Src/stm32f7xx_hal_cortex.o
 .text.__NVIC_GetPriorityGrouping
                0x0000000008002148       0x1c ./Drivers/STM32F7xx_HAL_Driver/Src/stm32f7xx_hal_cortex.o
 .text.__NVIC_EnableIRQ
                0x0000000008002164       0x3c ./Drivers/STM32F7xx_HAL_Driver/Src/stm32f7xx_hal_cortex.o
 .text.__NVIC_SetPriority
                0x00000000080021a0       0x54 ./Drivers/STM32F7xx_HAL_Driver/Src/stm32f7xx_hal_cortex.o
 .text.NVIC_EncodePriority
                0x00000000080021f4       0x66 ./Drivers/STM32F7xx_HAL_Driver/Src/stm32f7xx_hal_cortex.o
 *fill*         0x000000000800225a        0x2 
 .text.SysTick_Config
                0x000000000800225c       0x44 ./Drivers/STM32F7xx_HAL_Driver/Src/stm32f7xx_hal_cortex.o
 .text.HAL_NVIC_SetPriorityGrouping
                0x00000000080022a0       0x16 ./Drivers/STM32F7xx_HAL_Driver/Src/stm32f7xx_hal_cortex.o
                0x00000000080022a0                HAL_NVIC_SetPriorityGrouping
 .text.HAL_NVIC_SetPriority
                0x00000000080022b6       0x38 ./Drivers/STM32F7xx_HAL_Driver/Src/stm32f7xx_hal_cortex.o
                0x00000000080022b6                HAL_NVIC_SetPriority
 .text.HAL_NVIC_EnableIRQ
                0x00000000080022ee       0x1c ./Drivers/STM32F7xx_HAL_Driver/Src/stm32f7xx_hal_cortex.o
                0x00000000080022ee                HAL_NVIC_EnableIRQ
 .text.HAL_SYSTICK_Config
                0x000000000800230a       0x18 ./Drivers/STM32F7xx_HAL_Driver/Src/stm32f7xx_hal_cortex.o
                0x000000000800230a                HAL_SYSTICK_Config
 *fill*         0x0000000008002322        0x2 
 .text.HAL_CRC_Init
                0x0000000008002324       0xc8 ./Drivers/STM32F7xx_HAL_Driver/Src/stm32f7xx_hal_crc.o
                0x0000000008002324                HAL_CRC_Init
 .text.HAL_CRC_Accumulate
                0x00000000080023ec       0x88 ./Drivers/STM32F7xx_HAL_Driver/Src/stm32f7xx_hal_crc.o
                0x00000000080023ec                HAL_CRC_Accumulate
 .text.HAL_CRC_Calculate
                0x0000000008002474       0x98 ./Drivers/STM32F7xx_HAL_Driver/Src/stm32f7xx_hal_crc.o
                0x0000000008002474                HAL_CRC_Calculate
 .text.CRC_Handle_8
                0x000000000800250c      0x11c ./Drivers/STM32F7xx_HAL_Driver/Src/stm32f7xx_hal_crc.o
 .text.CRC_Handle_16
                0x0000000008002628       0x74 ./Drivers/STM32F7xx_HAL_Driver/Src/stm32f7xx_hal_crc.o
 .text.HAL_CRCEx_Polynomial_Set
                0x000000000800269c      0x10c ./Drivers/STM32F7xx_HAL_Driver/Src/stm32f7xx_hal_crc_ex.o
                0x000000000800269c                HAL_CRCEx_Polynomial_Set
 .text.HAL_GPIO_Init
                0x00000000080027a8      0x358 ./Drivers/STM32F7xx_HAL_Driver/Src/stm32f7xx_hal_gpio.o
                0x00000000080027a8                HAL_GPIO_Init
 .text.HAL_GPIO_EXTI_IRQHandler
                0x0000000008002b00       0x30 ./Drivers/STM32F7xx_HAL_Driver/Src/stm32f7xx_hal_gpio.o
                0x0000000008002b00                HAL_GPIO_EXTI_IRQHandler
 .text.HAL_GPIO_EXTI_Callback
                0x0000000008002b30       0x16 ./Drivers/STM32F7xx_HAL_Driver/Src/stm32f7xx_hal_gpio.o
                0x0000000008002b30                HAL_GPIO_EXTI_Callback
 *fill*         0x0000000008002b46        0x2 
 .text.HAL_I2C_Init
                0x0000000008002b48      0x120 ./Drivers/STM32F7xx_HAL_Driver/Src/stm32f7xx_hal_i2c.o
                0x0000000008002b48                HAL_I2C_Init
 .text.HAL_I2C_Mem_Write
                0x0000000008002c68      0x228 ./Drivers/STM32F7xx_HAL_Driver/Src/stm32f7xx_hal_i2c.o
                0x0000000008002c68                HAL_I2C_Mem_Write
 .text.HAL_I2C_Mem_Read
                0x0000000008002e90      0x234 ./Drivers/STM32F7xx_HAL_Driver/Src/stm32f7xx_hal_i2c.o
                0x0000000008002e90                HAL_I2C_Mem_Read
 .text.HAL_I2C_IsDeviceReady
                0x00000000080030c4      0x210 ./Drivers/STM32F7xx_HAL_Driver/Src/stm32f7xx_hal_i2c.o
                0x00000000080030c4                HAL_I2C_IsDeviceReady
 .text.HAL_I2C_GetError
                0x00000000080032d4       0x18 ./Drivers/STM32F7xx_HAL_Driver/Src/stm32f7xx_hal_i2c.o
                0x00000000080032d4                HAL_I2C_GetError
 .text.I2C_RequestMemoryWrite
                0x00000000080032ec       0xa8 ./Drivers/STM32F7xx_HAL_Driver/Src/stm32f7xx_hal_i2c.o
 .text.I2C_RequestMemoryRead
                0x0000000008003394       0xa8 ./Drivers/STM32F7xx_HAL_Driver/Src/stm32f7xx_hal_i2c.o
 .text.I2C_Flush_TXDR
                0x000000000800343c       0x48 ./Drivers/STM32F7xx_HAL_Driver/Src/stm32f7xx_hal_i2c.o
 .text.I2C_WaitOnFlagUntilTimeout
                0x0000000008003484       0x80 ./Drivers/STM32F7xx_HAL_Driver/Src/stm32f7xx_hal_i2c.o
 .text.I2C_WaitOnTXISFlagUntilTimeout
                0x0000000008003504       0x80 ./Drivers/STM32F7xx_HAL_Driver/Src/stm32f7xx_hal_i2c.o
 .text.I2C_WaitOnSTOPFlagUntilTimeout
                0x0000000008003584       0x78 ./Drivers/STM32F7xx_HAL_Driver/Src/stm32f7xx_hal_i2c.o
 .text.I2C_IsErrorOccurred
                0x00000000080035fc      0x1d8 ./Drivers/STM32F7xx_HAL_Driver/Src/stm32f7xx_hal_i2c.o
 .text.I2C_TransferConfig
                0x00000000080037d4       0x64 ./Drivers/STM32F7xx_HAL_Driver/Src/stm32f7xx_hal_i2c.o
 .text.HAL_I2CEx_ConfigAnalogFilter
                0x0000000008003838       0x96 ./Drivers/STM32F7xx_HAL_Driver/Src/stm32f7xx_hal_i2c_ex.o
                0x0000000008003838                HAL_I2CEx_ConfigAnalogFilter
 .text.HAL_I2CEx_ConfigDigitalFilter
                0x00000000080038ce       0x98 ./Drivers/STM32F7xx_HAL_Driver/Src/stm32f7xx_hal_i2c_ex.o
                0x00000000080038ce                HAL_I2CEx_ConfigDigitalFilter
 *fill*         0x0000000008003966        0x2 
 .text.HAL_RCC_OscConfig
                0x0000000008003968      0x548 ./Drivers/STM32F7xx_HAL_Driver/Src/stm32f7xx_hal_rcc.o
                0x0000000008003968                HAL_RCC_OscConfig
 .text.HAL_RCC_ClockConfig
                0x0000000008003eb0      0x1d8 ./Drivers/STM32F7xx_HAL_Driver/Src/stm32f7xx_hal_rcc.o
                0x0000000008003eb0                HAL_RCC_ClockConfig
 .text.HAL_RCC_GetSysClockFreq
                0x0000000008004088      0x16c ./Drivers/STM32F7xx_HAL_Driver/Src/stm32f7xx_hal_rcc.o
                0x0000000008004088                HAL_RCC_GetSysClockFreq
 .text.HAL_RCC_GetHCLKFreq
                0x00000000080041f4       0x18 ./Drivers/STM32F7xx_HAL_Driver/Src/stm32f7xx_hal_rcc.o
                0x00000000080041f4                HAL_RCC_GetHCLKFreq
 .text.HAL_RCC_GetPCLK1Freq
                0x000000000800420c       0x28 ./Drivers/STM32F7xx_HAL_Driver/Src/stm32f7xx_hal_rcc.o
                0x000000000800420c                HAL_RCC_GetPCLK1Freq
 .text.HAL_RCC_GetPCLK2Freq
                0x0000000008004234       0x28 ./Drivers/STM32F7xx_HAL_Driver/Src/stm32f7xx_hal_rcc.o
                0x0000000008004234                HAL_RCC_GetPCLK2Freq
 .text.HAL_RCCEx_PeriphCLKConfig
                0x000000000800425c      0x7e0 ./Drivers/STM32F7xx_HAL_Driver/Src/stm32f7xx_hal_rcc_ex.o
                0x000000000800425c                HAL_RCCEx_PeriphCLKConfig
 .text.HAL_UART_Init
                0x0000000008004a3c       0x9c ./Drivers/STM32F7xx_HAL_Driver/Src/stm32f7xx_hal_uart.o
                0x0000000008004a3c                HAL_UART_Init
 .text.HAL_UART_Transmit
                0x0000000008004ad8      0x126 ./Drivers/STM32F7xx_HAL_Driver/Src/stm32f7xx_hal_uart.o
                0x0000000008004ad8                HAL_UART_Transmit
 *fill*         0x0000000008004bfe        0x2 
 .text.UART_SetConfig
                0x0000000008004c00      0x4c4 ./Drivers/STM32F7xx_HAL_Driver/Src/stm32f7xx_hal_uart.o
                0x0000000008004c00                UART_SetConfig
 .text.UART_AdvFeatureConfig
                0x00000000080050c4      0x144 ./Drivers/STM32F7xx_HAL_Driver/Src/stm32f7xx_hal_uart.o
                0x00000000080050c4                UART_AdvFeatureConfig
 .text.UART_CheckIdleState
                0x0000000008005208       0x66 ./Drivers/STM32F7xx_HAL_Driver/Src/stm32f7xx_hal_uart.o
                0x0000000008005208                UART_CheckIdleState
 .text.UART_WaitOnFlagUntilTimeout
                0x000000000800526e      0x188 ./Drivers/STM32F7xx_HAL_Driver/Src/stm32f7xx_hal_uart.o
                0x000000000800526e                UART_WaitOnFlagUntilTimeout
 .text.MX_I2C2_Init2
                0x00000000080053f6        0xe ./nfc_tag/ili9341_cube.o
                0x00000000080053f6                MX_I2C2_Init2
 .text.BSP_I2C2_DeInit
                0x0000000008005404       0x18 ./nfc_tag/ili9341_cube.o
                0x0000000008005404                BSP_I2C2_DeInit
 .text.BSP_I2C2_IsReady
                0x000000000800541c       0x38 ./nfc_tag/ili9341_cube.o
                0x000000000800541c                BSP_I2C2_IsReady
 .text.BSP_I2C2_WriteReg16
                0x0000000008005454       0x64 ./nfc_tag/ili9341_cube.o
                0x0000000008005454                BSP_I2C2_WriteReg16
 .text.BSP_I2C2_ReadReg16
                0x00000000080054b8       0x64 ./nfc_tag/ili9341_cube.o
                0x00000000080054b8                BSP_I2C2_ReadReg16
 .text.BSP_GetTick
                0x000000000800551c        0xe ./nfc_tag/ili9341_cube.o
                0x000000000800551c                BSP_GetTick
 *fill*         0x000000000800552a        0x2 
 .text.BSP_NFCTAG_Init
                0x000000000800552c       0xa4 ./nfc_tag/ili9341_cube.o
                0x000000000800552c                BSP_NFCTAG_Init
 .text.BSP_NFCTAG_IsDeviceReady
                0x00000000080055d0       0x38 ./nfc_tag/ili9341_cube.o
                0x00000000080055d0                BSP_NFCTAG_IsDeviceReady
 .text.BSP_NFCTAG_ConfigIT
                0x0000000008005608       0x3c ./nfc_tag/ili9341_cube.o
                0x0000000008005608                BSP_NFCTAG_ConfigIT
 .text.BSP_NFCTAG_ReadUID
                0x0000000008005644       0x20 ./nfc_tag/ili9341_cube.o
                0x0000000008005644                BSP_NFCTAG_ReadUID
 .text.BSP_NFCTAG_PresentI2CPassword
                0x0000000008005664       0x28 ./nfc_tag/ili9341_cube.o
                0x0000000008005664                BSP_NFCTAG_PresentI2CPassword
 .text.BSP_NFCTAG_ReadMBMode
                0x000000000800568c       0x20 ./nfc_tag/ili9341_cube.o
                0x000000000800568c                BSP_NFCTAG_ReadMBMode
 .text.BSP_NFCTAG_WriteMBMode
                0x00000000080056ac       0x24 ./nfc_tag/ili9341_cube.o
                0x00000000080056ac                BSP_NFCTAG_WriteMBMode
 .text.BSP_NFCTAG_WriteMBWDG
                0x00000000080056d0       0x24 ./nfc_tag/ili9341_cube.o
                0x00000000080056d0                BSP_NFCTAG_WriteMBWDG
 .text.BSP_NFCTAG_ReadMailboxData
                0x00000000080056f4       0x30 ./nfc_tag/ili9341_cube.o
                0x00000000080056f4                BSP_NFCTAG_ReadMailboxData
 .text.BSP_NFCTAG_WriteMailboxData
                0x0000000008005724       0x28 ./nfc_tag/ili9341_cube.o
                0x0000000008005724                BSP_NFCTAG_WriteMailboxData
 .text.BSP_NFCTAG_ReadITSTStatus_Dyn
                0x000000000800574c       0x20 ./nfc_tag/ili9341_cube.o
                0x000000000800574c                BSP_NFCTAG_ReadITSTStatus_Dyn
 .text.BSP_NFCTAG_GetRFField_Dyn
                0x000000000800576c       0x20 ./nfc_tag/ili9341_cube.o
                0x000000000800576c                BSP_NFCTAG_GetRFField_Dyn
 .text.BSP_NFCTAG_ReadMBCtrl_Dyn
                0x000000000800578c       0x20 ./nfc_tag/ili9341_cube.o
                0x000000000800578c                BSP_NFCTAG_ReadMBCtrl_Dyn
 .text.BSP_NFCTAG_SetMBEN_Dyn
                0x00000000080057ac       0x1c ./nfc_tag/ili9341_cube.o
                0x00000000080057ac                BSP_NFCTAG_SetMBEN_Dyn
 .text.BSP_NFCTAG_ResetMBEN_Dyn
                0x00000000080057c8       0x1c ./nfc_tag/ili9341_cube.o
                0x00000000080057c8                BSP_NFCTAG_ResetMBEN_Dyn
 .text.BSP_NFCTAG_ReadMBLength_Dyn
                0x00000000080057e4       0x20 ./nfc_tag/ili9341_cube.o
                0x00000000080057e4                BSP_NFCTAG_ReadMBLength_Dyn
 .text.ST25DV_RegisterBusIO
                0x0000000008005804       0x94 ./nfc_tag/st25dv.o
                0x0000000008005804                ST25DV_RegisterBusIO
 .text.ST25DV_Init
                0x0000000008005898       0x3e ./nfc_tag/st25dv.o
                0x0000000008005898                ST25DV_Init
 .text.ST25DV_ReadID
                0x00000000080058d6       0x20 ./nfc_tag/st25dv.o
                0x00000000080058d6                ST25DV_ReadID
 .text.ST25DV_IsDeviceReady
                0x00000000080058f6       0x1e ./nfc_tag/st25dv.o
                0x00000000080058f6                ST25DV_IsDeviceReady
 .text.ST25DV_GetGPOStatus
                0x0000000008005914       0x38 ./nfc_tag/st25dv.o
                0x0000000008005914                ST25DV_GetGPOStatus
 .text.ST25DV_ConfigureGPO
                0x000000000800594c       0x24 ./nfc_tag/st25dv.o
                0x000000000800594c                ST25DV_ConfigureGPO
 .text.ST25DV_ReadData
                0x0000000008005970       0x2e ./nfc_tag/st25dv.o
                0x0000000008005970                ST25DV_ReadData
 .text.ST25DV_WriteData
                0x000000000800599e       0xb4 ./nfc_tag/st25dv.o
                0x000000000800599e                ST25DV_WriteData
 .text.ST25DV_WriteRegister
                0x0000000008005a52       0xc4 ./nfc_tag/st25dv.o
                0x0000000008005a52                ST25DV_WriteRegister
 .text.ST25DV_ReadUID
                0x0000000008005b16       0x98 ./nfc_tag/st25dv.o
                0x0000000008005b16                ST25DV_ReadUID
 .text.ST25DV_PresentI2CPassword
                0x0000000008005bae       0xd4 ./nfc_tag/st25dv.o
                0x0000000008005bae                ST25DV_PresentI2CPassword
 .text.ST25DV_ReadMBMode
                0x0000000008005c82       0x44 ./nfc_tag/st25dv.o
                0x0000000008005c82                ST25DV_ReadMBMode
 .text.ST25DV_WriteMBMode
                0x0000000008005cc6       0x2c ./nfc_tag/st25dv.o
                0x0000000008005cc6                ST25DV_WriteMBMode
 .text.ST25DV_WriteMBWDG
                0x0000000008005cf2       0x24 ./nfc_tag/st25dv.o
                0x0000000008005cf2                ST25DV_WriteMBWDG
 .text.ST25DV_ReadMailboxData
                0x0000000008005d16       0x44 ./nfc_tag/st25dv.o
                0x0000000008005d16                ST25DV_ReadMailboxData
 .text.ST25DV_WriteMailboxData
                0x0000000008005d5a       0x3a ./nfc_tag/st25dv.o
                0x0000000008005d5a                ST25DV_WriteMailboxData
 .text.ST25DV_ReadITSTStatus_Dyn
                0x0000000008005d94       0x20 ./nfc_tag/st25dv.o
                0x0000000008005d94                ST25DV_ReadITSTStatus_Dyn
 .text.ST25DV_GetRFField_Dyn
                0x0000000008005db4       0x48 ./nfc_tag/st25dv.o
                0x0000000008005db4                ST25DV_GetRFField_Dyn
 .text.ST25DV_ReadMBCtrl_Dyn
                0x0000000008005dfc       0x86 ./nfc_tag/st25dv.o
                0x0000000008005dfc                ST25DV_ReadMBCtrl_Dyn
 .text.ST25DV_SetMBEN_Dyn
                0x0000000008005e82       0x26 ./nfc_tag/st25dv.o
                0x0000000008005e82                ST25DV_SetMBEN_Dyn
 .text.ST25DV_ResetMBEN_Dyn
                0x0000000008005ea8       0x26 ./nfc_tag/st25dv.o
                0x0000000008005ea8                ST25DV_ResetMBEN_Dyn
 .text.ST25DV_ReadMBLength_Dyn
                0x0000000008005ece       0x20 ./nfc_tag/st25dv.o
                0x0000000008005ece                ST25DV_ReadMBLength_Dyn
 .text.ReadRegWrap
                0x0000000008005eee       0x4c ./nfc_tag/st25dv.o
 .text.WriteRegWrap
                0x0000000008005f3a       0x8c ./nfc_tag/st25dv.o
 .text.ST25DV_ReadReg
                0x0000000008005fc6       0x2e ./nfc_tag/st25dv_reg.o
                0x0000000008005fc6                ST25DV_ReadReg
 .text.ST25DV_WriteReg
                0x0000000008005ff4       0x2e ./nfc_tag/st25dv_reg.o
                0x0000000008005ff4                ST25DV_WriteReg
 .text.ST25DV_GetICREF
                0x0000000008006022       0x2c ./nfc_tag/st25dv_reg.o
                0x0000000008006022                ST25DV_GetICREF
 .text.ST25DV_GetUID
                0x000000000800604e       0x2c ./nfc_tag/st25dv_reg.o
                0x000000000800604e                ST25DV_GetUID
 .text.ST25DV_GetMB_MODE_RW
                0x000000000800607a       0x42 ./nfc_tag/st25dv_reg.o
                0x000000000800607a                ST25DV_GetMB_MODE_RW
 .text.ST25DV_SetMB_MODE_RW
                0x00000000080060bc       0x66 ./nfc_tag/st25dv_reg.o
                0x00000000080060bc                ST25DV_SetMB_MODE_RW
 .text.ST25DV_GetMBLEN_DYN_MBLEN
                0x0000000008006122       0x2e ./nfc_tag/st25dv_reg.o
                0x0000000008006122                ST25DV_GetMBLEN_DYN_MBLEN
 .text.ST25DV_SetMB_CTRL_DYN_MBEN
                0x0000000008006150       0x6a ./nfc_tag/st25dv_reg.o
                0x0000000008006150                ST25DV_SetMB_CTRL_DYN_MBEN
 .text.ST25DV_GetMB_CTRL_DYN_ALL
                0x00000000080061ba       0x2e ./nfc_tag/st25dv_reg.o
                0x00000000080061ba                ST25DV_GetMB_CTRL_DYN_ALL
 .text.ST25DV_SetMB_WDG_DELAY
                0x00000000080061e8       0x66 ./nfc_tag/st25dv_reg.o
                0x00000000080061e8                ST25DV_SetMB_WDG_DELAY
 .text.ST25DV_GetGPO_ALL
                0x000000000800624e       0x2c ./nfc_tag/st25dv_reg.o
                0x000000000800624e                ST25DV_GetGPO_ALL
 .text.ST25DV_SetGPO_ALL
                0x000000000800627a       0x2c ./nfc_tag/st25dv_reg.o
                0x000000000800627a                ST25DV_SetGPO_ALL
 .text.ST25DV_GetITSTS_DYN_ALL
                0x00000000080062a6       0x2e ./nfc_tag/st25dv_reg.o
                0x00000000080062a6                ST25DV_GetITSTS_DYN_ALL
 .text.ST25DV_GetEH_CTRL_DYN_FIELD_ON
                0x00000000080062d4       0x48 ./nfc_tag/st25dv_reg.o
                0x00000000080062d4                ST25DV_GetEH_CTRL_DYN_FIELD_ON
 .text.logHexBuf
                0x000000000800631c       0x16 ./nfc_tag/st25ftm_common.o
                0x000000000800631c                logHexBuf
 .text.ST25FTM_GetAcknowledgeStatus
                0x0000000008006332       0x6c ./nfc_tag/st25ftm_common.o
                0x0000000008006332                ST25FTM_GetAcknowledgeStatus
 *fill*         0x000000000800639e        0x2 
 .text.ST25FTM_State_Init
                0x00000000080063a0       0x40 ./nfc_tag/st25ftm_common.o
                0x00000000080063a0                ST25FTM_State_Init
 .text.ST25FTM_CompareTime
                0x00000000080063e0       0x32 ./nfc_tag/st25ftm_common.o
                0x00000000080063e0                ST25FTM_CompareTime
 .text.ST25FTM_DeviceInit
                0x0000000008006412       0x5c ./nfc_tag/st25ftm_config.o
                0x0000000008006412                ST25FTM_DeviceInit
 *fill*         0x000000000800646e        0x2 
 .text.ST25FTM_WriteMessage
                0x0000000008006470       0x74 ./nfc_tag/st25ftm_config.o
                0x0000000008006470                ST25FTM_WriteMessage
 .text.ST25FTM_ReadMessage
                0x00000000080064e4       0x8c ./nfc_tag/st25ftm_config.o
                0x00000000080064e4                ST25FTM_ReadMessage
 .text.ST25FTM_GetMessageOwner
                0x0000000008006570       0x14 ./nfc_tag/st25ftm_config.o
                0x0000000008006570                ST25FTM_GetMessageOwner
 .text.ST25FTM_UpdateFieldStatus
                0x0000000008006584       0xc0 ./nfc_tag/st25ftm_config.o
                0x0000000008006584                ST25FTM_UpdateFieldStatus
 .text.MX_GPIO_Init
                0x0000000008006644       0x84 ./nfc_tag/st25ftm_config.o
                0x0000000008006644                MX_GPIO_Init
 .text.InitITGPOMode
                0x00000000080066c8       0xac ./nfc_tag/st25ftm_config.o
 .text.ManageGPO
                0x0000000008006774       0xa4 ./nfc_tag/st25ftm_config.o
 .text.ST25FTM_CRC_Initialize
                0x0000000008006818       0x74 ./nfc_tag/st25ftm_config.o
                0x0000000008006818                ST25FTM_CRC_Initialize
 .text.ST25FTM_GetCrc
                0x000000000800688c      0x160 ./nfc_tag/st25ftm_config.o
                0x000000000800688c                ST25FTM_GetCrc
 .text.ST25FTM_Init
                0x00000000080069ec       0x14 ./nfc_tag/st25ftm_protocol.o
                0x00000000080069ec                ST25FTM_Init
 .text.ST25FTM_SetTxFrameMaxLength
                0x0000000008006a00       0x20 ./nfc_tag/st25ftm_protocol.o
                0x0000000008006a00                ST25FTM_SetTxFrameMaxLength
 .text.ST25FTM_SetRxFrameMaxLength
                0x0000000008006a20       0x20 ./nfc_tag/st25ftm_protocol.o
                0x0000000008006a20                ST25FTM_SetRxFrameMaxLength
 .text.ST25FTM_SendCommand
                0x0000000008006a40       0x48 ./nfc_tag/st25ftm_protocol.o
                0x0000000008006a40                ST25FTM_SendCommand
 .text.ST25FTM_ReceiveCommand
                0x0000000008006a88       0x4c ./nfc_tag/st25ftm_protocol.o
                0x0000000008006a88                ST25FTM_ReceiveCommand
 .text.ST25FTM_Runner
                0x0000000008006ad4      0x108 ./nfc_tag/st25ftm_protocol.o
                0x0000000008006ad4                ST25FTM_Runner
 .text.ST25FTM_IsNewFrame
                0x0000000008006bdc       0x34 ./nfc_tag/st25ftm_protocol.o
                0x0000000008006bdc                ST25FTM_IsNewFrame
 .text.ST25FTM_IsReceptionComplete
                0x0000000008006c10       0x34 ./nfc_tag/st25ftm_protocol.o
                0x0000000008006c10                ST25FTM_IsReceptionComplete
 .text.ST25FTM_IsTransmissionComplete
                0x0000000008006c44       0x34 ./nfc_tag/st25ftm_protocol.o
                0x0000000008006c44                ST25FTM_IsTransmissionComplete
 .text.ST25FTM_IsIdle
                0x0000000008006c78       0x2c ./nfc_tag/st25ftm_protocol.o
                0x0000000008006c78                ST25FTM_IsIdle
 .text.ST25FTM_CheckError
                0x0000000008006ca4       0x34 ./nfc_tag/st25ftm_protocol.o
                0x0000000008006ca4                ST25FTM_CheckError
 .text.ST25FTM_Reset
                0x0000000008006cd8       0x34 ./nfc_tag/st25ftm_protocol.o
                0x0000000008006cd8                ST25FTM_Reset
 .text.ST25FTM_SetData
                0x0000000008006d0c       0x3c ./nfc_tag/st25ftm_rx.o
 .text.ST25FTM_RxStateInit
                0x0000000008006d48       0xac ./nfc_tag/st25ftm_rx.o
                0x0000000008006d48                ST25FTM_RxStateInit
 .text.ST25FTM_Unpack
                0x0000000008006df4       0xf8 ./nfc_tag/st25ftm_rx.o
 .text.ST25FTM_RewindSegment
                0x0000000008006eec       0x5c ./nfc_tag/st25ftm_rx.o
 .text.ST25FTM_StateRxIdle
                0x0000000008006f48       0x78 ./nfc_tag/st25ftm_rx.o
 .text.ST25FTM_StateRxCommand
                0x0000000008006fc0       0x74 ./nfc_tag/st25ftm_rx.o
 .text.ST25FTM_StateRxPacket
                0x0000000008007034      0x498 ./nfc_tag/st25ftm_rx.o
 .text.ST25FTM_StateRxWriteAck
                0x00000000080074cc       0xe4 ./nfc_tag/st25ftm_rx.o
 .text.ST25FTM_StateRxWaitAckRead
                0x00000000080075b0      0x138 ./nfc_tag/st25ftm_rx.o
 .text.ST25FTM_Receive
                0x00000000080076e8       0x84 ./nfc_tag/st25ftm_rx.o
                0x00000000080076e8                ST25FTM_Receive
 .text.ST25FTM_GetData
                0x000000000800776c       0x3c ./nfc_tag/st25ftm_tx.o
 .text.ST25FTM_Pack
                0x00000000080077a8      0x1a4 ./nfc_tag/st25ftm_tx.o
 .text.ST25FTM_TxStateInit
                0x000000000800794c       0xa0 ./nfc_tag/st25ftm_tx.o
                0x000000000800794c                ST25FTM_TxStateInit
 .text.ST25FTM_StateTxIdle
                0x00000000080079ec       0x5c ./nfc_tag/st25ftm_tx.o
 .text.ST25FTM_StateTxCommand
                0x0000000008007a48       0x9c ./nfc_tag/st25ftm_tx.o
 .text.ST25FTM_StateTxSegment
                0x0000000008007ae4      0x204 ./nfc_tag/st25ftm_tx.o
 .text.ST25FTM_StateTxPacket
                0x0000000008007ce8       0x70 ./nfc_tag/st25ftm_tx.o
 .text.ST25FTM_StateTxWaitRead
                0x0000000008007d58       0xa8 ./nfc_tag/st25ftm_tx.o
 .text.ST25FTM_StateTxReadAck
                0x0000000008007e00       0x8c ./nfc_tag/st25ftm_tx.o
 .text.ST25FTM_Transmit
                0x0000000008007e8c       0x90 ./nfc_tag/st25ftm_tx.o
                0x0000000008007e8c                ST25FTM_Transmit
 .text.ST25FTM_TxResetSegment
                0x0000000008007f1c       0x58 ./nfc_tag/st25ftm_tx.o
                0x0000000008007f1c                ST25FTM_TxResetSegment
 .text.add_uint32
                0x0000000008007f74       0x32 ./seal/ckks_asym.o
 .text.mul_uint32_wide
                0x0000000008007fa6       0x5e ./seal/ckks_asym.o
 .text.mul_uint32_high
                0x0000000008008004       0x22 ./seal/ckks_asym.o
 .text.add_uint_nocarry
                0x0000000008008026       0x22 ./seal/ckks_asym.o
 .text.mul_uint_wide
                0x0000000008008048       0x1c ./seal/ckks_asym.o
 .text.shift_result
                0x0000000008008064       0x36 ./seal/ckks_asym.o
 .text.barrett_reduce_64input_32modulus
                0x000000000800809a       0xc0 ./seal/ckks_asym.o
 .text.barrett_reduce_wide
                0x000000000800815a       0x1c ./seal/ckks_asym.o
 .text.add_mod  0x0000000008008176       0x34 ./seal/ckks_asym.o
 .text.add_mod_inpl
                0x00000000080081aa       0x42 ./seal/ckks_asym.o
 .text.mul_mod  0x00000000080081ec       0x30 ./seal/ckks_asym.o
 .text.poly_add_mod_inpl
                0x000000000800821c       0x46 ./seal/ckks_asym.o
 .text.poly_pointwise_mul_mod
                0x0000000008008262       0x52 ./seal/ckks_asym.o
 .text.poly_pointwise_mul_mod_inpl
                0x00000000080082b4       0x26 ./seal/ckks_asym.o
 .text.poly_mult_mod_ntt_form_inpl
                0x00000000080082da       0x22 ./seal/ckks_asym.o
 .text.ckks_get_mempool_size_asym
                0x00000000080082fc       0x38 ./seal/ckks_asym.o
                0x00000000080082fc                ckks_get_mempool_size_asym
 .text.ckks_mempool_setup_asym
                0x0000000008008334       0x48 ./seal/ckks_asym.o
                0x0000000008008334                ckks_mempool_setup_asym
 .text.ckks_set_ptrs_asym
                0x000000000800837c      0x12c ./seal/ckks_asym.o
                0x000000000800837c                ckks_set_ptrs_asym
 .text.ckks_asym_init
                0x00000000080084a8       0x64 ./seal/ckks_asym.o
                0x00000000080084a8                ckks_asym_init
 .text.ckks_encode_encrypt_asym
                0x000000000800850c       0xe6 ./seal/ckks_asym.o
                0x000000000800850c                ckks_encode_encrypt_asym
 .text.ckks_next_prime_asym
                0x00000000080085f2       0x62 ./seal/ckks_asym.o
                0x00000000080085f2                ckks_next_prime_asym
 .text.se_creal
                0x0000000008008654       0x26 ./seal/ckks_common.o
 .text.add_uint32
                0x000000000800867a       0x32 ./seal/ckks_common.o
 .text.mul_uint32_wide
                0x00000000080086ac       0x5e ./seal/ckks_common.o
 .text.mul_uint32_high
                0x000000000800870a       0x22 ./seal/ckks_common.o
 .text.shift_result
                0x000000000800872c       0x36 ./seal/ckks_common.o
 .text.barrett_reduce_64input_32modulus
                0x0000000008008762       0xc0 ./seal/ckks_common.o
 .text.ckks_setup
                0x0000000008008822       0x20 ./seal/ckks_common.o
                0x0000000008008822                ckks_setup
 .text.ckks_setup_custom
                0x0000000008008842       0x42 ./seal/ckks_common.o
                0x0000000008008842                ckks_setup_custom
 .text.ckks_reset_primes
                0x0000000008008884       0x16 ./seal/ckks_common.o
                0x0000000008008884                ckks_reset_primes
 *fill*         0x000000000800889a        0x2 
 .text.ckks_encode_base
                0x000000000800889c      0x23c ./seal/ckks_common.o
                0x000000000800889c                ckks_encode_base
 .text.reduce_pte_core
                0x0000000008008ad8       0x5e ./seal/ckks_common.o
                0x0000000008008ad8                reduce_pte_core
 .text.reduce_set_pte
                0x0000000008008b36       0x54 ./seal/ckks_common.o
                0x0000000008008b36                reduce_set_pte
 .text.reduce_set_e_small
                0x0000000008008b8a       0x6a ./seal/ckks_common.o
                0x0000000008008b8a                reduce_set_e_small
 .text.se_print_relative_positions
                0x0000000008008bf4      0x270 ./seal/ckks_common.o
                0x0000000008008bf4                se_print_relative_positions
 .text.se_print_addresses
                0x0000000008008e64      0x124 ./seal/ckks_common.o
                0x0000000008008e64                se_print_addresses
 .text.print_ckks_mempool_size
                0x0000000008008f88       0x90 ./seal/ckks_common.o
                0x0000000008008f88                print_ckks_mempool_size
 .text.add_uint32
                0x0000000008009018       0x32 ./seal/ckks_sym.o
 .text.mul_uint32_wide
                0x000000000800904a       0x5e ./seal/ckks_sym.o
 .text.mul_uint32_high
                0x00000000080090a8       0x22 ./seal/ckks_sym.o
 .text.add_uint_nocarry
                0x00000000080090ca       0x22 ./seal/ckks_sym.o
 .text.mul_uint_wide
                0x00000000080090ec       0x1c ./seal/ckks_sym.o
 .text.shift_result
                0x0000000008009108       0x36 ./seal/ckks_sym.o
 .text.barrett_reduce_64input_32modulus
                0x000000000800913e       0xc0 ./seal/ckks_sym.o
 .text.barrett_reduce_wide
                0x00000000080091fe       0x1c ./seal/ckks_sym.o
 .text.add_mod  0x000000000800921a       0x34 ./seal/ckks_sym.o
 .text.add_mod_inpl
                0x000000000800924e       0x42 ./seal/ckks_sym.o
 .text.neg_mod  0x0000000008009290       0x36 ./seal/ckks_sym.o
 .text.neg_mod_inpl
                0x00000000080092c6       0x36 ./seal/ckks_sym.o
 .text.mul_mod  0x00000000080092fc       0x30 ./seal/ckks_sym.o
 .text.poly_add_mod_inpl
                0x000000000800932c       0x46 ./seal/ckks_sym.o
 .text.poly_neg_mod_inpl
                0x0000000008009372       0x3a ./seal/ckks_sym.o
 .text.poly_pointwise_mul_mod
                0x00000000080093ac       0x52 ./seal/ckks_sym.o
 .text.poly_pointwise_mul_mod_inpl
                0x00000000080093fe       0x26 ./seal/ckks_sym.o
 .text.poly_mult_mod_ntt_form_inpl
                0x0000000008009424       0x22 ./seal/ckks_sym.o
 .text.ckks_get_mempool_size_sym
                0x0000000008009446       0x42 ./seal/ckks_sym.o
                0x0000000008009446                ckks_get_mempool_size_sym
 .text.ckks_mempool_setup_sym
                0x0000000008009488       0x48 ./seal/ckks_sym.o
                0x0000000008009488                ckks_mempool_setup_sym
 .text.ckks_set_ptrs_sym
                0x00000000080094d0      0x10c ./seal/ckks_sym.o
                0x00000000080094d0                ckks_set_ptrs_sym
 .text.ckks_setup_s
                0x00000000080095dc       0x40 ./seal/ckks_sym.o
                0x00000000080095dc                ckks_setup_s
 .text.ckks_sym_init
                0x000000000800961c       0x34 ./seal/ckks_sym.o
                0x000000000800961c                ckks_sym_init
 .text.ckks_encode_encrypt_sym
                0x0000000008009650       0xc4 ./seal/ckks_sym.o
                0x0000000008009650                ckks_encode_encrypt_sym
 .text.ckks_next_prime_sym
                0x0000000008009714       0x4c ./seal/ckks_sym.o
                0x0000000008009714                ckks_next_prime_sym
 .text.ifft_inpl
                0x0000000008009760      0x1da ./seal/fft.o
                0x0000000008009760                ifft_inpl
 *fill*         0x000000000800993a        0x2 
 .text.load_sk  0x000000000800993c       0x38 ./seal/fileops.o
                0x000000000800993c                load_sk
 .text.load_pki
                0x0000000008009974       0x58 ./seal/fileops.o
                0x0000000008009974                load_pki
 .text.load_index_map
                0x00000000080099cc       0x2c ./seal/fileops.o
                0x00000000080099cc                load_index_map
 .text.load_ifft_roots
                0x00000000080099f8       0x24 ./seal/fileops.o
                0x00000000080099f8                load_ifft_roots
 .text.load_ntt_roots
                0x0000000008009a1c       0x44 ./seal/fileops.o
                0x0000000008009a1c                load_ntt_roots
 .text.keccak_absorb
                0x0000000008009a60       0xe0 ./seal/fips202.o
 .text.keccak_squeezeblocks
                0x0000000008009b40       0x40 ./seal/fips202.o
 .text.shake256
                0x0000000008009b80      0x128 ./seal/fips202.o
                0x0000000008009b80                shake256
 .text.KeccakF1600_StateExtractBytes
                0x0000000008009ca8       0x72 ./seal/keccakf1600.o
                0x0000000008009ca8                KeccakF1600_StateExtractBytes
 .text.KeccakF1600_StateXORBytes
                0x0000000008009d1a       0x94 ./seal/keccakf1600.o
                0x0000000008009d1a                KeccakF1600_StateXORBytes
 *fill*         0x0000000008009dae        0x2 
 .text.KeccakF1600_StatePermute
                0x0000000008009db0     0x2f44 ./seal/keccakf1600.o
                0x0000000008009db0                KeccakF1600_StatePermute
 .text.print_zz
                0x000000000800ccf4       0x20 ./seal/modulus.o
 .text.set_modulus_custom
                0x000000000800cd14       0x2c ./seal/modulus.o
                0x000000000800cd14                set_modulus_custom
 .text.set_modulus
                0x000000000800cd40      0x2dc ./seal/modulus.o
                0x000000000800cd40                set_modulus
 .text.add_uint32
                0x000000000800d01c       0x32 ./seal/ntt.o
 .text.mul_uint32_wide
                0x000000000800d04e       0x5e ./seal/ntt.o
 .text.mul_uint32_high
                0x000000000800d0ac       0x22 ./seal/ntt.o
 .text.add_uint_nocarry
                0x000000000800d0ce       0x22 ./seal/ntt.o
 .text.mul_uint_wide
                0x000000000800d0f0       0x1c ./seal/ntt.o
 .text.shift_result
                0x000000000800d10c       0x36 ./seal/ntt.o
 .text.barrett_reduce_64input_32modulus
                0x000000000800d142       0xc0 ./seal/ntt.o
 .text.barrett_reduce_wide
                0x000000000800d202       0x1c ./seal/ntt.o
 .text.add_mod  0x000000000800d21e       0x34 ./seal/ntt.o
 .text.neg_mod  0x000000000800d252       0x36 ./seal/ntt.o
 .text.sub_mod  0x000000000800d288       0x3e ./seal/ntt.o
 .text.mul_mod  0x000000000800d2c6       0x30 ./seal/ntt.o
 .text.ntt_roots_initialize
                0x000000000800d2f6       0x2e ./seal/ntt.o
                0x000000000800d2f6                ntt_roots_initialize
 .text.ntt_non_lazy_inpl
                0x000000000800d324      0x106 ./seal/ntt.o
                0x000000000800d324                ntt_non_lazy_inpl
 .text.ntt_inpl
                0x000000000800d42a       0x32 ./seal/ntt.o
                0x000000000800d42a                ntt_inpl
 .text.is_power_of_2
                0x000000000800d45c       0x32 ./seal/parameters.o
 .text.reset_primes
                0x000000000800d48e       0x22 ./seal/parameters.o
                0x000000000800d48e                reset_primes
 .text.next_modulus
                0x000000000800d4b0       0x54 ./seal/parameters.o
                0x000000000800d4b0                next_modulus
 *fill*         0x000000000800d504        0x4 
 .text.set_params_base
                0x000000000800d508       0xa0 ./seal/parameters.o
 .text.set_parms_ckks_27bit_helper
                0x000000000800d5a8       0x78 ./seal/parameters.o
                0x000000000800d5a8                set_parms_ckks_27bit_helper
 .text.set_parms_ckks_30bit_helper
                0x000000000800d620      0x13c ./seal/parameters.o
                0x000000000800d620                set_parms_ckks_30bit_helper
 .text.set_parms_ckks
                0x000000000800d75c       0xd0 ./seal/parameters.o
                0x000000000800d75c                set_parms_ckks
 .text.prng_randomize_reset
                0x000000000800d82c       0x3e ./seal/rng.o
                0x000000000800d82c                prng_randomize_reset
 *fill*         0x000000000800d86a        0x2 
 .text.prng_fill_buffer
                0x000000000800d86c       0x7c ./seal/rng.o
                0x000000000800d86c                prng_fill_buffer
 .text.mul_uint32_wide
                0x000000000800d8e8       0x5e ./seal/sample.o
 .text.mul_uint32_high
                0x000000000800d946       0x22 ./seal/sample.o
 .text.shift_result
                0x000000000800d968       0x36 ./seal/sample.o
 .text.barrett_reduce_32input_32modulus
                0x000000000800d99e       0x3e ./seal/sample.o
 .text.mod3_uint8input
                0x000000000800d9dc       0x78 ./seal/sample.o
 .text.mod3_zzinput
                0x000000000800da54       0x84 ./seal/sample.o
 .text.sample_poly_uniform
                0x000000000800dad8       0x94 ./seal/sample.o
                0x000000000800dad8                sample_poly_uniform
 .text.set_small_poly_idx
                0x000000000800db6c       0x7e ./seal/sample.o
                0x000000000800db6c                set_small_poly_idx
 .text.get_small_poly_idx
                0x000000000800dbea       0x48 ./seal/sample.o
                0x000000000800dbea                get_small_poly_idx
 .text.get_small_poly_idx_expanded
                0x000000000800dc32       0x38 ./seal/sample.o
                0x000000000800dc32                get_small_poly_idx_expanded
 .text.expand_poly_ternary
                0x000000000800dc6a       0x58 ./seal/sample.o
                0x000000000800dc6a                expand_poly_ternary
 .text.convert_poly_ternary
                0x000000000800dcc2       0x6a ./seal/sample.o
                0x000000000800dcc2                convert_poly_ternary
 .text.convert_poly_ternary_inpl
                0x000000000800dd2c       0x1c ./seal/sample.o
                0x000000000800dd2c                convert_poly_ternary_inpl
 .text.sample_poly_ternary
                0x000000000800dd48       0x9e ./seal/sample.o
                0x000000000800dd48                sample_poly_ternary
 .text.sample_small_poly_ternary_prng_96
                0x000000000800dde6       0xda ./seal/sample.o
                0x000000000800dde6                sample_small_poly_ternary_prng_96
 .text.hamming_weight
                0x000000000800dec0       0x50 ./seal/sample.o
 .text.get_cbd_val
                0x000000000800df10       0xa8 ./seal/sample.o
 .text.sample_poly_cbd_generic_prng_16
                0x000000000800dfb8       0x70 ./seal/sample.o
                0x000000000800dfb8                sample_poly_cbd_generic_prng_16
 .text.sample_add_poly_cbd_generic_inpl_prng_16
                0x000000000800e028       0x9c ./seal/sample.o
                0x000000000800e028                sample_add_poly_cbd_generic_inpl_prng_16
 .text.se_setup_custom
                0x000000000800e0c4      0x12c ./seal/seal_embedded.o
                0x000000000800e0c4                se_setup_custom
 .text.se_setup
                0x000000000800e1f0       0x30 ./seal/seal_embedded.o
                0x000000000800e1f0                se_setup
 .text.se_encrypt_seeded
                0x000000000800e220      0x220 ./seal/seal_embedded.o
                0x000000000800e220                se_encrypt_seeded
 .text.se_encrypt
                0x000000000800e440       0x30 ./seal/seal_embedded.o
                0x000000000800e440                se_encrypt
 .text.calloc   0x000000000800e470       0x10 /home/george/st/stm32cubeide_1.8.0/plugins/com.st.stm32cube.ide.mcu.externaltools.gnu-tools-for-stm32.9-2020-q2-update.linux64_2.0.0.202105311346/tools/bin/../lib/gcc/arm-none-eabi/9.3.1/../../../../arm-none-eabi/lib/thumb/v7e-m+fp/hard/libc_nano.a(lib_a-calloc.o)
                0x000000000800e470                calloc
 .text.__errno  0x000000000800e480        0xc /home/george/st/stm32cubeide_1.8.0/plugins/com.st.stm32cube.ide.mcu.externaltools.gnu-tools-for-stm32.9-2020-q2-update.linux64_2.0.0.202105311346/tools/bin/../lib/gcc/arm-none-eabi/9.3.1/../../../../arm-none-eabi/lib/thumb/v7e-m+fp/hard/libc_nano.a(lib_a-errno.o)
                0x000000000800e480                __errno
 .text.exit     0x000000000800e48c       0x28 /home/george/st/stm32cubeide_1.8.0/plugins/com.st.stm32cube.ide.mcu.externaltools.gnu-tools-for-stm32.9-2020-q2-update.linux64_2.0.0.202105311346/tools/bin/../lib/gcc/arm-none-eabi/9.3.1/../../../../arm-none-eabi/lib/thumb/v7e-m+fp/hard/libc_nano.a(lib_a-exit.o)
                0x000000000800e48c                exit
 .text.__libc_init_array
                0x000000000800e4b4       0x48 /home/george/st/stm32cubeide_1.8.0/plugins/com.st.stm32cube.ide.mcu.externaltools.gnu-tools-for-stm32.9-2020-q2-update.linux64_2.0.0.202105311346/tools/bin/../lib/gcc/arm-none-eabi/9.3.1/../../../../arm-none-eabi/lib/thumb/v7e-m+fp/hard/libc_nano.a(lib_a-init.o)
                0x000000000800e4b4                __libc_init_array
 .text.memcpy   0x000000000800e4fc       0x1c /home/george/st/stm32cubeide_1.8.0/plugins/com.st.stm32cube.ide.mcu.externaltools.gnu-tools-for-stm32.9-2020-q2-update.linux64_2.0.0.202105311346/tools/bin/../lib/gcc/arm-none-eabi/9.3.1/../../../../arm-none-eabi/lib/thumb/v7e-m+fp/hard/libc_nano.a(lib_a-memcpy-stub.o)
                0x000000000800e4fc                memcpy
 .text.memset   0x000000000800e518       0x10 /home/george/st/stm32cubeide_1.8.0/plugins/com.st.stm32cube.ide.mcu.externaltools.gnu-tools-for-stm32.9-2020-q2-update.linux64_2.0.0.202105311346/tools/bin/../lib/gcc/arm-none-eabi/9.3.1/../../../../arm-none-eabi/lib/thumb/v7e-m+fp/hard/libc_nano.a(lib_a-memset.o)
                0x000000000800e518                memset
 .text._calloc_r
                0x000000000800e528       0x1e /home/george/st/stm32cubeide_1.8.0/plugins/com.st.stm32cube.ide.mcu.externaltools.gnu-tools-for-stm32.9-2020-q2-update.linux64_2.0.0.202105311346/tools/bin/../lib/gcc/arm-none-eabi/9.3.1/../../../../arm-none-eabi/lib/thumb/v7e-m+fp/hard/libc_nano.a(lib_a-nano-callocr.o)
                0x000000000800e528                _calloc_r
 *fill*         0x000000000800e546        0x2 
 .text._free_r  0x000000000800e548       0xa0 /home/george/st/stm32cubeide_1.8.0/plugins/com.st.stm32cube.ide.mcu.externaltools.gnu-tools-for-stm32.9-2020-q2-update.linux64_2.0.0.202105311346/tools/bin/../lib/gcc/arm-none-eabi/9.3.1/../../../../arm-none-eabi/lib/thumb/v7e-m+fp/hard/libc_nano.a(lib_a-nano-freer.o)
                0x000000000800e548                _free_r
 .text._malloc_r
                0x000000000800e5e8       0xb4 /home/george/st/stm32cubeide_1.8.0/plugins/com.st.stm32cube.ide.mcu.externaltools.gnu-tools-for-stm32.9-2020-q2-update.linux64_2.0.0.202105311346/tools/bin/../lib/gcc/arm-none-eabi/9.3.1/../../../../arm-none-eabi/lib/thumb/v7e-m+fp/hard/libc_nano.a(lib_a-nano-mallocr.o)
                0x000000000800e5e8                _malloc_r
 .text.printf   0x000000000800e69c       0x30 /home/george/st/stm32cubeide_1.8.0/plugins/com.st.stm32cube.ide.mcu.externaltools.gnu-tools-for-stm32.9-2020-q2-update.linux64_2.0.0.202105311346/tools/bin/../lib/gcc/arm-none-eabi/9.3.1/../../../../arm-none-eabi/lib/thumb/v7e-m+fp/hard/libc_nano.a(lib_a-printf.o)
                0x000000000800e69c                printf
                0x000000000800e69c                iprintf
 .text.putchar  0x000000000800e6cc       0x2c /home/george/st/stm32cubeide_1.8.0/plugins/com.st.stm32cube.ide.mcu.externaltools.gnu-tools-for-stm32.9-2020-q2-update.linux64_2.0.0.202105311346/tools/bin/../lib/gcc/arm-none-eabi/9.3.1/../../../../arm-none-eabi/lib/thumb/v7e-m+fp/hard/libc_nano.a(lib_a-putchar.o)
                0x000000000800e6cc                putchar
 .text._puts_r  0x000000000800e6f8       0xdc /home/george/st/stm32cubeide_1.8.0/plugins/com.st.stm32cube.ide.mcu.externaltools.gnu-tools-for-stm32.9-2020-q2-update.linux64_2.0.0.202105311346/tools/bin/../lib/gcc/arm-none-eabi/9.3.1/../../../../arm-none-eabi/lib/thumb/v7e-m+fp/hard/libc_nano.a(lib_a-puts.o)
                0x000000000800e6f8                _puts_r
 .text.puts     0x000000000800e7d4       0x10 /home/george/st/stm32cubeide_1.8.0/plugins/com.st.stm32cube.ide.mcu.externaltools.gnu-tools-for-stm32.9-2020-q2-update.linux64_2.0.0.202105311346/tools/bin/../lib/gcc/arm-none-eabi/9.3.1/../../../../arm-none-eabi/lib/thumb/v7e-m+fp/hard/libc_nano.a(lib_a-puts.o)
                0x000000000800e7d4                puts
 .text._sbrk_r  0x000000000800e7e4       0x20 /home/george/st/stm32cubeide_1.8.0/plugins/com.st.stm32cube.ide.mcu.externaltools.gnu-tools-for-stm32.9-2020-q2-update.linux64_2.0.0.202105311346/tools/bin/../lib/gcc/arm-none-eabi/9.3.1/../../../../arm-none-eabi/lib/thumb/v7e-m+fp/hard/libc_nano.a(lib_a-sbrkr.o)
                0x000000000800e7e4                _sbrk_r
 .text.__swbuf_r
                0x000000000800e804       0xa4 /home/george/st/stm32cubeide_1.8.0/plugins/com.st.stm32cube.ide.mcu.externaltools.gnu-tools-for-stm32.9-2020-q2-update.linux64_2.0.0.202105311346/tools/bin/../lib/gcc/arm-none-eabi/9.3.1/../../../../arm-none-eabi/lib/thumb/v7e-m+fp/hard/libc_nano.a(lib_a-wbuf.o)
                0x000000000800e804                __swbuf_r
 .text.__swsetup_r
                0x000000000800e8a8       0xdc /home/george/st/stm32cubeide_1.8.0/plugins/com.st.stm32cube.ide.mcu.externaltools.gnu-tools-for-stm32.9-2020-q2-update.linux64_2.0.0.202105311346/tools/bin/../lib/gcc/arm-none-eabi/9.3.1/../../../../arm-none-eabi/lib/thumb/v7e-m+fp/hard/libc_nano.a(lib_a-wsetup.o)
                0x000000000800e8a8                __swsetup_r
 .text.__sflush_r
                0x000000000800e984      0x10c /home/george/st/stm32cubeide_1.8.0/plugins/com.st.stm32cube.ide.mcu.externaltools.gnu-tools-for-stm32.9-2020-q2-update.linux64_2.0.0.202105311346/tools/bin/../lib/gcc/arm-none-eabi/9.3.1/../../../../arm-none-eabi/lib/thumb/v7e-m+fp/hard/libc_nano.a(lib_a-fflush.o)
                0x000000000800e984                __sflush_r
 .text._fflush_r
                0x000000000800ea90       0x78 /home/george/st/stm32cubeide_1.8.0/plugins/com.st.stm32cube.ide.mcu.externaltools.gnu-tools-for-stm32.9-2020-q2-update.linux64_2.0.0.202105311346/tools/bin/../lib/gcc/arm-none-eabi/9.3.1/../../../../arm-none-eabi/lib/thumb/v7e-m+fp/hard/libc_nano.a(lib_a-fflush.o)
                0x000000000800ea90                _fflush_r
 .text.std      0x000000000800eb08       0x48 /home/george/st/stm32cubeide_1.8.0/plugins/com.st.stm32cube.ide.mcu.externaltools.gnu-tools-for-stm32.9-2020-q2-update.linux64_2.0.0.202105311346/tools/bin/../lib/gcc/arm-none-eabi/9.3.1/../../../../arm-none-eabi/lib/thumb/v7e-m+fp/hard/libc_nano.a(lib_a-findfp.o)
 .text._cleanup_r
                0x000000000800eb50        0xc /home/george/st/stm32cubeide_1.8.0/plugins/com.st.stm32cube.ide.mcu.externaltools.gnu-tools-for-stm32.9-2020-q2-update.linux64_2.0.0.202105311346/tools/bin/../lib/gcc/arm-none-eabi/9.3.1/../../../../arm-none-eabi/lib/thumb/v7e-m+fp/hard/libc_nano.a(lib_a-findfp.o)
                0x000000000800eb50                _cleanup_r
 .text.__sfmoreglue
                0x000000000800eb5c       0x2c /home/george/st/stm32cubeide_1.8.0/plugins/com.st.stm32cube.ide.mcu.externaltools.gnu-tools-for-stm32.9-2020-q2-update.linux64_2.0.0.202105311346/tools/bin/../lib/gcc/arm-none-eabi/9.3.1/../../../../arm-none-eabi/lib/thumb/v7e-m+fp/hard/libc_nano.a(lib_a-findfp.o)
                0x000000000800eb5c                __sfmoreglue
 .text.__sfp_lock_acquire
                0x000000000800eb88        0xc /home/george/st/stm32cubeide_1.8.0/plugins/com.st.stm32cube.ide.mcu.externaltools.gnu-tools-for-stm32.9-2020-q2-update.linux64_2.0.0.202105311346/tools/bin/../lib/gcc/arm-none-eabi/9.3.1/../../../../arm-none-eabi/lib/thumb/v7e-m+fp/hard/libc_nano.a(lib_a-findfp.o)
                0x000000000800eb88                __sfp_lock_acquire
 .text.__sfp_lock_release
                0x000000000800eb94        0xc /home/george/st/stm32cubeide_1.8.0/plugins/com.st.stm32cube.ide.mcu.externaltools.gnu-tools-for-stm32.9-2020-q2-update.linux64_2.0.0.202105311346/tools/bin/../lib/gcc/arm-none-eabi/9.3.1/../../../../arm-none-eabi/lib/thumb/v7e-m+fp/hard/libc_nano.a(lib_a-findfp.o)
                0x000000000800eb94                __sfp_lock_release
 .text.__sinit_lock_acquire
                0x000000000800eba0        0xc /home/george/st/stm32cubeide_1.8.0/plugins/com.st.stm32cube.ide.mcu.externaltools.gnu-tools-for-stm32.9-2020-q2-update.linux64_2.0.0.202105311346/tools/bin/../lib/gcc/arm-none-eabi/9.3.1/../../../../arm-none-eabi/lib/thumb/v7e-m+fp/hard/libc_nano.a(lib_a-findfp.o)
                0x000000000800eba0                __sinit_lock_acquire
 .text.__sinit_lock_release
                0x000000000800ebac        0xc /home/george/st/stm32cubeide_1.8.0/plugins/com.st.stm32cube.ide.mcu.externaltools.gnu-tools-for-stm32.9-2020-q2-update.linux64_2.0.0.202105311346/tools/bin/../lib/gcc/arm-none-eabi/9.3.1/../../../../arm-none-eabi/lib/thumb/v7e-m+fp/hard/libc_nano.a(lib_a-findfp.o)
                0x000000000800ebac                __sinit_lock_release
 .text.__sinit  0x000000000800ebb8       0x70 /home/george/st/stm32cubeide_1.8.0/plugins/com.st.stm32cube.ide.mcu.externaltools.gnu-tools-for-stm32.9-2020-q2-update.linux64_2.0.0.202105311346/tools/bin/../lib/gcc/arm-none-eabi/9.3.1/../../../../arm-none-eabi/lib/thumb/v7e-m+fp/hard/libc_nano.a(lib_a-findfp.o)
                0x000000000800ebb8                __sinit
 .text.__sfp    0x000000000800ec28       0x8c /home/george/st/stm32cubeide_1.8.0/plugins/com.st.stm32cube.ide.mcu.externaltools.gnu-tools-for-stm32.9-2020-q2-update.linux64_2.0.0.202105311346/tools/bin/../lib/gcc/arm-none-eabi/9.3.1/../../../../arm-none-eabi/lib/thumb/v7e-m+fp/hard/libc_nano.a(lib_a-findfp.o)
                0x000000000800ec28                __sfp
 .text._fwalk_reent
                0x000000000800ecb4       0x3e /home/george/st/stm32cubeide_1.8.0/plugins/com.st.stm32cube.ide.mcu.externaltools.gnu-tools-for-stm32.9-2020-q2-update.linux64_2.0.0.202105311346/tools/bin/../lib/gcc/arm-none-eabi/9.3.1/../../../../arm-none-eabi/lib/thumb/v7e-m+fp/hard/libc_nano.a(lib_a-fwalk.o)
                0x000000000800ecb4                _fwalk_reent
 .text.__retarget_lock_init_recursive
                0x000000000800ecf2        0x2 /home/george/st/stm32cubeide_1.8.0/plugins/com.st.stm32cube.ide.mcu.externaltools.gnu-tools-for-stm32.9-2020-q2-update.linux64_2.0.0.202105311346/tools/bin/../lib/gcc/arm-none-eabi/9.3.1/../../../../arm-none-eabi/lib/thumb/v7e-m+fp/hard/libc_nano.a(lib_a-lock.o)
                0x000000000800ecf2                __retarget_lock_init_recursive
 .text.__retarget_lock_acquire_recursive
                0x000000000800ecf4        0x2 /home/george/st/stm32cubeide_1.8.0/plugins/com.st.stm32cube.ide.mcu.externaltools.gnu-tools-for-stm32.9-2020-q2-update.linux64_2.0.0.202105311346/tools/bin/../lib/gcc/arm-none-eabi/9.3.1/../../../../arm-none-eabi/lib/thumb/v7e-m+fp/hard/libc_nano.a(lib_a-lock.o)
                0x000000000800ecf4                __retarget_lock_acquire_recursive
 .text.__retarget_lock_release_recursive
                0x000000000800ecf6        0x2 /home/george/st/stm32cubeide_1.8.0/plugins/com.st.stm32cube.ide.mcu.externaltools.gnu-tools-for-stm32.9-2020-q2-update.linux64_2.0.0.202105311346/tools/bin/../lib/gcc/arm-none-eabi/9.3.1/../../../../arm-none-eabi/lib/thumb/v7e-m+fp/hard/libc_nano.a(lib_a-lock.o)
                0x000000000800ecf6                __retarget_lock_release_recursive
 .text.__swhatbuf_r
                0x000000000800ecf8       0x48 /home/george/st/stm32cubeide_1.8.0/plugins/com.st.stm32cube.ide.mcu.externaltools.gnu-tools-for-stm32.9-2020-q2-update.linux64_2.0.0.202105311346/tools/bin/../lib/gcc/arm-none-eabi/9.3.1/../../../../arm-none-eabi/lib/thumb/v7e-m+fp/hard/libc_nano.a(lib_a-makebuf.o)
                0x000000000800ecf8                __swhatbuf_r
 .text.__smakebuf_r
                0x000000000800ed40       0x80 /home/george/st/stm32cubeide_1.8.0/plugins/com.st.stm32cube.ide.mcu.externaltools.gnu-tools-for-stm32.9-2020-q2-update.linux64_2.0.0.202105311346/tools/bin/../lib/gcc/arm-none-eabi/9.3.1/../../../../arm-none-eabi/lib/thumb/v7e-m+fp/hard/libc_nano.a(lib_a-makebuf.o)
                0x000000000800ed40                __smakebuf_r
 .text.__malloc_lock
                0x000000000800edc0        0xc /home/george/st/stm32cubeide_1.8.0/plugins/com.st.stm32cube.ide.mcu.externaltools.gnu-tools-for-stm32.9-2020-q2-update.linux64_2.0.0.202105311346/tools/bin/../lib/gcc/arm-none-eabi/9.3.1/../../../../arm-none-eabi/lib/thumb/v7e-m+fp/hard/libc_nano.a(lib_a-mlock.o)
                0x000000000800edc0                __malloc_lock
 .text.__malloc_unlock
                0x000000000800edcc        0xc /home/george/st/stm32cubeide_1.8.0/plugins/com.st.stm32cube.ide.mcu.externaltools.gnu-tools-for-stm32.9-2020-q2-update.linux64_2.0.0.202105311346/tools/bin/../lib/gcc/arm-none-eabi/9.3.1/../../../../arm-none-eabi/lib/thumb/v7e-m+fp/hard/libc_nano.a(lib_a-mlock.o)
                0x000000000800edcc                __malloc_unlock
 .text.__sfputc_r
                0x000000000800edd8       0x2e /home/george/st/stm32cubeide_1.8.0/plugins/com.st.stm32cube.ide.mcu.externaltools.gnu-tools-for-stm32.9-2020-q2-update.linux64_2.0.0.202105311346/tools/bin/../lib/gcc/arm-none-eabi/9.3.1/../../../../arm-none-eabi/lib/thumb/v7e-m+fp/hard/libc_nano.a(lib_a-nano-vfprintf.o)
 .text.__sfputs_r
                0x000000000800ee06       0x24 /home/george/st/stm32cubeide_1.8.0/plugins/com.st.stm32cube.ide.mcu.externaltools.gnu-tools-for-stm32.9-2020-q2-update.linux64_2.0.0.202105311346/tools/bin/../lib/gcc/arm-none-eabi/9.3.1/../../../../arm-none-eabi/lib/thumb/v7e-m+fp/hard/libc_nano.a(lib_a-nano-vfprintf.o)
                0x000000000800ee06                __sfputs_r
 *fill*         0x000000000800ee2a        0x2 
 .text._vfprintf_r
                0x000000000800ee2c      0x260 /home/george/st/stm32cubeide_1.8.0/plugins/com.st.stm32cube.ide.mcu.externaltools.gnu-tools-for-stm32.9-2020-q2-update.linux64_2.0.0.202105311346/tools/bin/../lib/gcc/arm-none-eabi/9.3.1/../../../../arm-none-eabi/lib/thumb/v7e-m+fp/hard/libc_nano.a(lib_a-nano-vfprintf.o)
                0x000000000800ee2c                _vfiprintf_r
                0x000000000800ee2c                _vfprintf_r
 .text._printf_common
                0x000000000800f08c       0xda /home/george/st/stm32cubeide_1.8.0/plugins/com.st.stm32cube.ide.mcu.externaltools.gnu-tools-for-stm32.9-2020-q2-update.linux64_2.0.0.202105311346/tools/bin/../lib/gcc/arm-none-eabi/9.3.1/../../../../arm-none-eabi/lib/thumb/v7e-m+fp/hard/libc_nano.a(lib_a-nano-vfprintf_i.o)
                0x000000000800f08c                _printf_common
 *fill*         0x000000000800f166        0x2 
 .text._printf_i
                0x000000000800f168      0x24c /home/george/st/stm32cubeide_1.8.0/plugins/com.st.stm32cube.ide.mcu.externaltools.gnu-tools-for-stm32.9-2020-q2-update.linux64_2.0.0.202105311346/tools/bin/../lib/gcc/arm-none-eabi/9.3.1/../../../../arm-none-eabi/lib/thumb/v7e-m+fp/hard/libc_nano.a(lib_a-nano-vfprintf_i.o)
                0x000000000800f168                _printf_i
 .text._putc_r  0x000000000800f3b4       0x90 /home/george/st/stm32cubeide_1.8.0/plugins/com.st.stm32cube.ide.mcu.externaltools.gnu-tools-for-stm32.9-2020-q2-update.linux64_2.0.0.202105311346/tools/bin/../lib/gcc/arm-none-eabi/9.3.1/../../../../arm-none-eabi/lib/thumb/v7e-m+fp/hard/libc_nano.a(lib_a-putc.o)
                0x000000000800f3b4                _putc_r
 .text.__sread  0x000000000800f444       0x22 /home/george/st/stm32cubeide_1.8.0/plugins/com.st.stm32cube.ide.mcu.externaltools.gnu-tools-for-stm32.9-2020-q2-update.linux64_2.0.0.202105311346/tools/bin/../lib/gcc/arm-none-eabi/9.3.1/../../../../arm-none-eabi/lib/thumb/v7e-m+fp/hard/libc_nano.a(lib_a-stdio.o)
                0x000000000800f444                __sread
 .text.__swrite
                0x000000000800f466       0x38 /home/george/st/stm32cubeide_1.8.0/plugins/com.st.stm32cube.ide.mcu.externaltools.gnu-tools-for-stm32.9-2020-q2-update.linux64_2.0.0.202105311346/tools/bin/../lib/gcc/arm-none-eabi/9.3.1/../../../../arm-none-eabi/lib/thumb/v7e-m+fp/hard/libc_nano.a(lib_a-stdio.o)
                0x000000000800f466                __swrite
 .text.__sseek  0x000000000800f49e       0x24 /home/george/st/stm32cubeide_1.8.0/plugins/com.st.stm32cube.ide.mcu.externaltools.gnu-tools-for-stm32.9-2020-q2-update.linux64_2.0.0.202105311346/tools/bin/../lib/gcc/arm-none-eabi/9.3.1/../../../../arm-none-eabi/lib/thumb/v7e-m+fp/hard/libc_nano.a(lib_a-stdio.o)
                0x000000000800f49e                __sseek
 .text.__sclose
                0x000000000800f4c2        0x8 /home/george/st/stm32cubeide_1.8.0/plugins/com.st.stm32cube.ide.mcu.externaltools.gnu-tools-for-stm32.9-2020-q2-update.linux64_2.0.0.202105311346/tools/bin/../lib/gcc/arm-none-eabi/9.3.1/../../../../arm-none-eabi/lib/thumb/v7e-m+fp/hard/libc_nano.a(lib_a-stdio.o)
                0x000000000800f4c2                __sclose
 *fill*         0x000000000800f4ca        0x2 
 .text._write_r
                0x000000000800f4cc       0x24 /home/george/st/stm32cubeide_1.8.0/plugins/com.st.stm32cube.ide.mcu.externaltools.gnu-tools-for-stm32.9-2020-q2-update.linux64_2.0.0.202105311346/tools/bin/../lib/gcc/arm-none-eabi/9.3.1/../../../../arm-none-eabi/lib/thumb/v7e-m+fp/hard/libc_nano.a(lib_a-writer.o)
                0x000000000800f4cc                _write_r
 .text._close_r
                0x000000000800f4f0       0x20 /home/george/st/stm32cubeide_1.8.0/plugins/com.st.stm32cube.ide.mcu.externaltools.gnu-tools-for-stm32.9-2020-q2-update.linux64_2.0.0.202105311346/tools/bin/../lib/gcc/arm-none-eabi/9.3.1/../../../../arm-none-eabi/lib/thumb/v7e-m+fp/hard/libc_nano.a(lib_a-closer.o)
                0x000000000800f4f0                _close_r
 .text._fstat_r
                0x000000000800f510       0x24 /home/george/st/stm32cubeide_1.8.0/plugins/com.st.stm32cube.ide.mcu.externaltools.gnu-tools-for-stm32.9-2020-q2-update.linux64_2.0.0.202105311346/tools/bin/../lib/gcc/arm-none-eabi/9.3.1/../../../../arm-none-eabi/lib/thumb/v7e-m+fp/hard/libc_nano.a(lib_a-fstatr.o)
                0x000000000800f510                _fstat_r
 .text._isatty_r
                0x000000000800f534       0x20 /home/george/st/stm32cubeide_1.8.0/plugins/com.st.stm32cube.ide.mcu.externaltools.gnu-tools-for-stm32.9-2020-q2-update.linux64_2.0.0.202105311346/tools/bin/../lib/gcc/arm-none-eabi/9.3.1/../../../../arm-none-eabi/lib/thumb/v7e-m+fp/hard/libc_nano.a(lib_a-isattyr.o)
                0x000000000800f534                _isatty_r
 .text._lseek_r
                0x000000000800f554       0x24 /home/george/st/stm32cubeide_1.8.0/plugins/com.st.stm32cube.ide.mcu.externaltools.gnu-tools-for-stm32.9-2020-q2-update.linux64_2.0.0.202105311346/tools/bin/../lib/gcc/arm-none-eabi/9.3.1/../../../../arm-none-eabi/lib/thumb/v7e-m+fp/hard/libc_nano.a(lib_a-lseekr.o)
                0x000000000800f554                _lseek_r
 .text._read_r  0x000000000800f578       0x24 /home/george/st/stm32cubeide_1.8.0/plugins/com.st.stm32cube.ide.mcu.externaltools.gnu-tools-for-stm32.9-2020-q2-update.linux64_2.0.0.202105311346/tools/bin/../lib/gcc/arm-none-eabi/9.3.1/../../../../arm-none-eabi/lib/thumb/v7e-m+fp/hard/libc_nano.a(lib_a-readr.o)
                0x000000000800f578                _read_r
 .text.round    0x000000000800f59c       0x8c /home/george/st/stm32cubeide_1.8.0/plugins/com.st.stm32cube.ide.mcu.externaltools.gnu-tools-for-stm32.9-2020-q2-update.linux64_2.0.0.202105311346/tools/bin/../lib/gcc/arm-none-eabi/9.3.1/../../../../arm-none-eabi/lib/thumb/v7e-m+fp/hard/libm.a(lib_a-s_round.o)
                0x000000000800f59c                round
 .text.log      0x000000000800f628       0x90 /home/george/st/stm32cubeide_1.8.0/plugins/com.st.stm32cube.ide.mcu.externaltools.gnu-tools-for-stm32.9-2020-q2-update.linux64_2.0.0.202105311346/tools/bin/../lib/gcc/arm-none-eabi/9.3.1/../../../../arm-none-eabi/lib/thumb/v7e-m+fp/hard/libm.a(lib_a-w_log.o)
                0x000000000800f628                log
 .text.__ieee754_log
                0x000000000800f6b8      0x374 /home/george/st/stm32cubeide_1.8.0/plugins/com.st.stm32cube.ide.mcu.externaltools.gnu-tools-for-stm32.9-2020-q2-update.linux64_2.0.0.202105311346/tools/bin/../lib/gcc/arm-none-eabi/9.3.1/../../../../arm-none-eabi/lib/thumb/v7e-m+fp/hard/libm.a(lib_a-e_log.o)
                0x000000000800f6b8                __ieee754_log
 *fill*         0x000000000800fa2c        0x4 
 .text.nan      0x000000000800fa30       0x10 /home/george/st/stm32cubeide_1.8.0/plugins/com.st.stm32cube.ide.mcu.externaltools.gnu-tools-for-stm32.9-2020-q2-update.linux64_2.0.0.202105311346/tools/bin/../lib/gcc/arm-none-eabi/9.3.1/../../../../arm-none-eabi/lib/thumb/v7e-m+fp/hard/libm.a(lib_a-s_nan.o)
                0x000000000800fa30                nan
 *(.glue_7)
 .glue_7        0x000000000800fa40        0x0 linker stubs
 *(.glue_7t)
 .glue_7t       0x000000000800fa40        0x0 linker stubs
 *(.eh_frame)
 .eh_frame      0x000000000800fa40        0x0 /home/george/st/stm32cubeide_1.8.0/plugins/com.st.stm32cube.ide.mcu.externaltools.gnu-tools-for-stm32.9-2020-q2-update.linux64_2.0.0.202105311346/tools/bin/../lib/gcc/arm-none-eabi/9.3.1/thumb/v7e-m+fp/hard/crtbegin.o
 *(.init)
 .init          0x000000000800fa40        0x4 /home/george/st/stm32cubeide_1.8.0/plugins/com.st.stm32cube.ide.mcu.externaltools.gnu-tools-for-stm32.9-2020-q2-update.linux64_2.0.0.202105311346/tools/bin/../lib/gcc/arm-none-eabi/9.3.1/thumb/v7e-m+fp/hard/crti.o
                0x000000000800fa40                _init
 .init          0x000000000800fa44        0x8 /home/george/st/stm32cubeide_1.8.0/plugins/com.st.stm32cube.ide.mcu.externaltools.gnu-tools-for-stm32.9-2020-q2-update.linux64_2.0.0.202105311346/tools/bin/../lib/gcc/arm-none-eabi/9.3.1/thumb/v7e-m+fp/hard/crtn.o
 *(.fini)
 .fini          0x000000000800fa4c        0x4 /home/george/st/stm32cubeide_1.8.0/plugins/com.st.stm32cube.ide.mcu.externaltools.gnu-tools-for-stm32.9-2020-q2-update.linux64_2.0.0.202105311346/tools/bin/../lib/gcc/arm-none-eabi/9.3.1/thumb/v7e-m+fp/hard/crti.o
                0x000000000800fa4c                _fini
 .fini          0x000000000800fa50        0x8 /home/george/st/stm32cubeide_1.8.0/plugins/com.st.stm32cube.ide.mcu.externaltools.gnu-tools-for-stm32.9-2020-q2-update.linux64_2.0.0.202105311346/tools/bin/../lib/gcc/arm-none-eabi/9.3.1/thumb/v7e-m+fp/hard/crtn.o
                0x000000000800fa58                . = ALIGN (0x4)
                0x000000000800fa58                _etext = .

.vfp11_veneer   0x000000000800fa58        0x0
 .vfp11_veneer  0x000000000800fa58        0x0 linker stubs

.v4_bx          0x000000000800fa58        0x0
 .v4_bx         0x000000000800fa58        0x0 linker stubs

.iplt           0x000000000800fa58        0x0
 .iplt          0x000000000800fa58        0x0 /home/george/st/stm32cubeide_1.8.0/plugins/com.st.stm32cube.ide.mcu.externaltools.gnu-tools-for-stm32.9-2020-q2-update.linux64_2.0.0.202105311346/tools/bin/../lib/gcc/arm-none-eabi/9.3.1/thumb/v7e-m+fp/hard/crtbegin.o

.rodata         0x000000000800fa58    0xb4ed0
                0x000000000800fa58                . = ALIGN (0x4)
 *(.rodata)
 .rodata        0x000000000800fa58       0x8c ./Core/Src/main.o
 .rodata        0x000000000800fae4        0x6 ./Core/Src/stm32f7xx_it.o
 *fill*         0x000000000800faea        0x2 
 .rodata        0x000000000800faec       0x25 ./seal/ckks_asym.o
 *fill*         0x000000000800fb11        0x3 
 .rodata        0x000000000800fb14      0x3bf ./seal/ckks_common.o
 *fill*         0x000000000800fed3        0x1 
 .rodata        0x000000000800fed4       0x25 ./seal/ckks_sym.o
 *fill*         0x000000000800fef9        0x3 
 .rodata        0x000000000800fefc       0x6f ./seal/modulus.o
 *fill*         0x000000000800ff6b        0x1 
 .rodata        0x000000000800ff6c       0x4c ./seal/rng.o
 *(.rodata*)
 .rodata.AHBPrescTable
                0x000000000800ffb8       0x10 ./Core/Src/system_stm32f7xx.o
                0x000000000800ffb8                AHBPrescTable
 .rodata.APBPrescTable
                0x000000000800ffc8        0x8 ./Core/Src/system_stm32f7xx.o
                0x000000000800ffc8                APBPrescTable
 .rodata.secret_key
                0x000000000800ffd0      0x800 ./seal/fileops.o
                0x000000000800ffd0                secret_key
 .rodata.pk0_prime0
                0x00000000080107d0     0x8000 ./seal/fileops.o
                0x00000000080107d0                pk0_prime0
 .rodata.pk1_prime0
                0x00000000080187d0     0x8000 ./seal/fileops.o
                0x00000000080187d0                pk1_prime0
 .rodata.pk0_prime1
                0x00000000080207d0     0x8000 ./seal/fileops.o
                0x00000000080207d0                pk0_prime1
 .rodata.pk1_prime1
                0x00000000080287d0     0x8000 ./seal/fileops.o
                0x00000000080287d0                pk1_prime1
 .rodata.pk0_prime2
                0x00000000080307d0     0x8000 ./seal/fileops.o
                0x00000000080307d0                pk0_prime2
 .rodata.pk1_prime2
                0x00000000080387d0     0x8000 ./seal/fileops.o
                0x00000000080387d0                pk1_prime2
 .rodata.pk0_prime3
                0x00000000080407d0     0x8000 ./seal/fileops.o
                0x00000000080407d0                pk0_prime3
 .rodata.pk1_prime3
                0x00000000080487d0     0x8000 ./seal/fileops.o
                0x00000000080487d0                pk1_prime3
 .rodata.pk0_prime4
                0x00000000080507d0     0x8000 ./seal/fileops.o
                0x00000000080507d0                pk0_prime4
 .rodata.pk1_prime4
                0x00000000080587d0     0x8000 ./seal/fileops.o
                0x00000000080587d0                pk1_prime4
 .rodata.pk0_prime5
                0x00000000080607d0     0x8000 ./seal/fileops.o
                0x00000000080607d0                pk0_prime5
 .rodata.pk1_prime5
                0x00000000080687d0     0x8000 ./seal/fileops.o
                0x00000000080687d0                pk1_prime5
 .rodata.ifft_roots_save
                0x00000000080707d0    0x20000 ./seal/fileops.o
                0x00000000080707d0                ifft_roots_save
 .rodata.ntt_roots_save_prime0
                0x00000000080907d0     0x8000 ./seal/fileops.o
                0x00000000080907d0                ntt_roots_save_prime0
 .rodata.ntt_roots_save_prime1
                0x00000000080987d0     0x8000 ./seal/fileops.o
                0x00000000080987d0                ntt_roots_save_prime1
 .rodata.ntt_roots_save_prime2
                0x00000000080a07d0     0x8000 ./seal/fileops.o
                0x00000000080a07d0                ntt_roots_save_prime2
 .rodata.ntt_roots_save_prime3
                0x00000000080a87d0     0x8000 ./seal/fileops.o
                0x00000000080a87d0                ntt_roots_save_prime3
 .rodata.ntt_roots_save_prime4
                0x00000000080b07d0     0x8000 ./seal/fileops.o
                0x00000000080b07d0                ntt_roots_save_prime4
 .rodata.ntt_roots_save_prime5
                0x00000000080b87d0     0x8000 ./seal/fileops.o
                0x00000000080b87d0                ntt_roots_save_prime5
 .rodata.index_map_store
                0x00000000080c07d0     0x4000 ./seal/fileops.o
                0x00000000080c07d0                index_map_store
 .rodata.KeccakF_RoundConstants
                0x00000000080c47d0       0xc0 ./seal/keccakf1600.o
 .rodata._global_impure_ptr
                0x00000000080c4890        0x4 /home/george/st/stm32cubeide_1.8.0/plugins/com.st.stm32cube.ide.mcu.externaltools.gnu-tools-for-stm32.9-2020-q2-update.linux64_2.0.0.202105311346/tools/bin/../lib/gcc/arm-none-eabi/9.3.1/../../../../arm-none-eabi/lib/thumb/v7e-m+fp/hard/libc_nano.a(lib_a-impure.o)
                0x00000000080c4890                _global_impure_ptr
 .rodata.__sf_fake_stderr