defines.h:353:22:se_creal	32	static
uint_arith.h:22:23:add_uint32	24	static
uint_arith.h:49:20:mul_uint32_wide	40	static
uint_arith.h:67:24:mul_uint32_high	24	static
uintops.h:22:20:add_uint_nocarry	24	static
modulo.h:21:18:shift_result	24	static
modulo.h:84:24:barrett_reduce_64input_32modulus	72	static
fft.h:48:22:bitrev	24	static
uintmodarith.h:26:18:add_mod	32	static
uintmodarith.h:51:20:add_mod_inpl	24	static
ckks_common.c:32:6:ckks_calc_index_map	88	static
ckks_common.c:70:6:ckks_setup	24	static
ckks_common.c:82:6:ckks_setup_custom	32	static
ckks_common.c:100:6:ckks_reset_primes	16	static
ckks_common.c:105:6:ckks_encode_base	152	static
ckks_common.c:224:4:reduce_pte_core	48	static
ckks_common.c:239:6:reduce_set_pte	48	static
ckks_common.c:247:6:reduce_add_pte	40	static
ckks_common.c:259:6:reduce_set_e_small	40	static
ckks_common.c:267:6:reduce_add_e_small	40	static
ckks_common.c:277:6:se_print_relative_positions	32	static
ckks_common.c:305:6:se_print_addresses	32	static
ckks_common.c:336:6:print_ckks_mempool_size	56	static
