uint_arith.h:22:23:add_uint32	24	static
uint_arith.h:49:20:mul_uint32_wide	40	static
uint_arith.h:67:24:mul_uint32_high	24	static
uintops.h:22:20:add_uint_nocarry	24	static
uintops.h:47:20:mul_uint_wide	24	static
modulo.h:21:18:shift_result	24	static
modulo.h:84:24:barrett_reduce_64input_32modulus	72	static
modulo.h:126:18:barrett_reduce_wide	16	static
uintmodarith.h:26:18:add_mod	32	static
uintmodarith.h:51:20:add_mod_inpl	24	static
uintmodarith.h:64:18:neg_mod	24	static
uintmodarith.h:81:20:neg_mod_inpl	16	static
uintmodarith.h:123:18:mul_mod	32	static
polymodarith.h:39:20:poly_add_mod_inpl	32	static
polymodarith.h:67:20:poly_neg_mod_inpl	32	static
polymodarith.h:83:20:poly_pointwise_mul_mod	40	static
polymodarith.h:97:20:poly_pointwise_mul_mod_inpl	32	static
ntt.h:81:20:poly_mult_mod_ntt_form_inpl	24	static
ckks_sym.c:29:8:ckks_get_mempool_size_sym	24	static
ckks_sym.c:63:5:ckks_mempool_setup_sym	24	static
ckks_sym.c:78:6:ckks_set_ptrs_sym	56	static
ckks_sym.c:162:6:ckks_setup_s	24	static
ckks_sym.c:181:6:ckks_sym_init	24	static
ckks_sym.c:199:6:ckks_encode_encrypt_sym	32	static
ckks_sym.c:303:6:ckks_next_prime_sym	24	static
