uint_arith.h:49:20:mul_uint32_wide	40	static
uint_arith.h:67:24:mul_uint32_high	24	static
modulo.h:21:18:shift_result	24	static
modulo.h:43:24:barrett_reduce_32input_32modulus	24	static
modulo.h:150:23:mod3_uint8input	24	static
modulo.h:172:23:mod3_zzinput	24	static
sample.c:39:6:sample_poly_uniform	56	static
sample.c:61:6:set_small_poly_idx	40	static
sample.c:89:9:get_small_poly_idx	32	static
sample.c:98:4:get_small_poly_idx_expanded	32	static
sample.c:113:6:expand_poly_ternary	40	static
sample.c:131:6:expand_poly_ternary_inpl	16	static
sample.c:138:6:convert_poly_ternary	40	static
sample.c:150:6:convert_poly_ternary_inpl	16	static
sample.c:155:6:sample_poly_ternary	48	static
sample.c:218:6:sample_small_poly_ternary_prng_96	144	static
sample.c:263:22:hamming_weight	24	static
sample.c:278:22:get_cbd_val	24	static
sample.c:286:6:sample_poly_cbd_generic	48	static
sample.c:311:6:sample_poly_cbd_generic_prng_16	136	static
sample.c:323:6:sample_add_poly_cbd_generic_inpl	56	static
sample.c:347:6:sample_add_poly_cbd_generic_inpl_prng_16	144	static
